Microsoft (R) Macro Assembler Version 5.00                  12/8/4                                                             Page     1-1


 0000				data_s segment para public 
 0000  82 A2 A5 A4 A8 E2 A5	mes db 'Введите символ: $' 
       20 E1 A8 AC A2 AE AB	
       3A 20 24			
 0011  82 EB 20 A2 A2 A5 AB	mess db 'Вы ввели символ: $' 
       A8 20 E1 A8 AC A2 AE	
       AB 3A 20 24		
 0023				data_s ends 
				 
 0000				st_seg segment para stack 
 0000  0100[			db 256 dup(?) 
	    ??			
			 ]	
				
 0100				st_seg ends 
				 
 0000				code_s segment para public 
				assume ss: st_seg , ds: data_s 
				assume cs: code_s 
				 
 0000				begin:  
 0000  B8 ---- R			MOV ax , data_s 
 0003  8E D8				MOV ds , ax 
 0005  B8 ---- R			MOV ax , st_seg 
 0008  8E D0				MOV ss , ax 
					 
 000A  B4 09				mov ah , 09h 
 000C  BA 0000 R			mov dx , offset mes 
 000F  CD 21				int 21h 
					 
 0011  B4 01				mov ah , 01h 
 0013  CD 21				int 21h 
				 
				 
 0015  8A D0				mov DL, AL 
 0017  B4 02				mov AH, 02h 
 0019  CD 21				int 21h 
				 
 001B  B4 4C				mov ah, 4ch 
 001D  B0 00				mov al, 0 
 001F  CD 21				int 21h 
				 
				 
 0021				code_s ends 
				end begin 
Microsoft (R) Macro Assembler Version 5.00                  12/8/4                                                             Symbols-1


Segments and Groups:

                N a m e         	Length	 Align	Combine Class

CODE_S . . . . . . . . . . . . .  	0021	PARA	PUBLIC	
DATA_S . . . . . . . . . . . . .  	0023	PARA	PUBLIC	
ST_SEG . . . . . . . . . . . . .  	0100	PARA	STACK	

Symbols:            

                N a m e         	Type	 Value	 Attr

BEGIN  . . . . . . . . . . . . .  	L NEAR	0000	CODE_S

MES  . . . . . . . . . . . . . .  	L BYTE	0000	DATA_S
MESS . . . . . . . . . . . . . .  	L BYTE	0011	DATA_S

@FILENAME  . . . . . . . . . . .  	TEXT  symb_in		


     38 Source  Lines
     38 Total   Lines
      8 Symbols

  50348 + 442564 Bytes symbol space free

      0 Warning Errors
      0 Severe  Errors
