
 Start         Length     Name                   Class
 0001:00000000 00111834H .text                   CODE
 0002:00000000 00004A50H .data                   DATA
 0002:00004A50 00001C41H .bss                    BSS


Detailed map of segments

 0001:00000000 00005FCB C=CODE     S=.text    G=(none)   M=System   ACBP=A9
 0001:00005FCC 00000140 C=CODE     S=.text    G=(none)   M=SysInit  ACBP=A9
 0001:0000610C 00000078 C=CODE     S=.text    G=(none)   M=Types    ACBP=A9
 0001:00006184 00000FA8 C=CODE     S=.text    G=(none)   M=Windows  ACBP=A9
 0001:0000712C 00000330 C=CODE     S=.text    G=(none)   M=SysConst ACBP=A9
 0001:0000745C 00007920 C=CODE     S=.text    G=(none)   M=SysUtils ACBP=A9
 0001:0000ED7C 00000038 C=CODE     S=.text    G=(none)   M=Messages ACBP=A9
 0001:0000EDB4 000000A8 C=CODE     S=.text    G=(none)   M=VarUtils ACBP=A9
 0001:0000EE5C 00004D88 C=CODE     S=.text    G=(none)   M=Variants ACBP=A9
 0001:00013BE4 00000170 C=CODE     S=.text    G=(none)   M=RTLConsts ACBP=A9
 0001:00013D54 00001944 C=CODE     S=.text    G=(none)   M=TypInfo  ACBP=A9
 0001:00015698 000002F4 C=CODE     S=.text    G=(none)   M=ActiveX  ACBP=A9
 0001:0001598C 0000CEE2 C=CODE     S=.text    G=(none)   M=Classes  ACBP=A9
 0001:00022870 00000038 C=CODE     S=.text    G=(none)   M=ETypes   ACBP=A9
 0001:000228A8 000014D0 C=CODE     S=.text    G=(none)   M=EConsts  ACBP=A9
 0001:00023D78 00003058 C=CODE     S=.text    G=(none)   M=ECore    ACBP=A9
 0001:00026DD0 00000040 C=CODE     S=.text    G=(none)   M=ShellAPI ACBP=A9
 0001:00026E10 000000A0 C=CODE     S=.text    G=(none)   M=WinSock  ACBP=A9
 0001:00026EB0 00001478 C=CODE     S=.text    G=(none)   M=EHook    ACBP=A9
 0001:00028328 000000C4 C=CODE     S=.text    G=(none)   M=ELang    ACBP=A9
 0001:000283EC 00001580 C=CODE     S=.text    G=(none)   M=ESockets ACBP=A9
 0001:0002996C 000051D8 C=CODE     S=.text    G=(none)   M=EZLib    ACBP=A9
 0001:0002EB44 00000D28 C=CODE     S=.text    G=(none)   M=EEncrypt ACBP=A9
 0001:0002F86C 000001A8 C=CODE     S=.text    G=(none)   M=EBase64  ACBP=A9
 0001:0002FA14 00000938 C=CODE     S=.text    G=(none)   M=ETarGZip ACBP=A9
 0001:0003034C 00002240 C=CODE     S=.text    G=(none)   M=EWebTools ACBP=A9
 0001:0003258C 000005A8 C=CODE     S=.text    G=(none)   M=EXMLBuilder ACBP=A9
 0001:00032B34 000031AC C=CODE     S=.text    G=(none)   M=ELogManager ACBP=A9
 0001:00035CE0 0000131C C=CODE     S=.text    G=(none)   M=EListView ACBP=A9
 0001:00036FFC 0001AFAC C=CODE     S=.text    G=(none)   M=ExceptionLog ACBP=A9
 0001:00051FA8 00000390 C=CODE     S=.text    G=(none)   M=Consts   ACBP=A9
 0001:00052338 00009AE3 C=CODE     S=.text    G=(none)   M=Graphics ACBP=A9
 0001:0005BE1C 00000048 C=CODE     S=.text    G=(none)   M=Math     ACBP=A9
 0001:0005BE64 000002B8 C=CODE     S=.text    G=(none)   M=Contnrs  ACBP=A9
 0001:0005C11C 00000198 C=CODE     S=.text    G=(none)   M=CommCtrl ACBP=A9
 0001:0005C2B4 00000787 C=CODE     S=.text    G=(none)   M=MultiMon ACBP=A9
 0001:0005CA3C 00000038 C=CODE     S=.text    G=(none)   M=Imm      ACBP=A9
 0001:0005CA74 00001078 C=CODE     S=.text    G=(none)   M=HelpIntfs ACBP=A9
 0001:0005DAEC 00000068 C=CODE     S=.text    G=(none)   M=WinSpool ACBP=A9
 0001:0005DB54 000012C4 C=CODE     S=.text    G=(none)   M=Printers ACBP=A9
 0001:0005EE18 0000031F C=CODE     S=.text    G=(none)   M=FlatSB   ACBP=A9
 0001:0005F138 00005AAC C=CODE     S=.text    G=(none)   M=StdCtrls ACBP=A9
 0001:00064BE4 00000038 C=CODE     S=.text    G=(none)   M=RegStr   ACBP=A9
 0001:00064C1C 00000038 C=CODE     S=.text    G=(none)   M=WinInet  ACBP=A9
 0001:00064C54 00000038 C=CODE     S=.text    G=(none)   M=UrlMon   ACBP=A9
 0001:00064C8C 00000038 C=CODE     S=.text    G=(none)   M=ShlObj   ACBP=A9
 0001:00064CC4 00000050 C=CODE     S=.text    G=(none)   M=CommDlg  ACBP=A9
 0001:00064D14 0000275C C=CODE     S=.text    G=(none)   M=ExtCtrls ACBP=A9
 0001:00067470 00000038 C=CODE     S=.text    G=(none)   M=Dlgs     ACBP=A9
 0001:000674A8 000024F1 C=CODE     S=.text    G=(none)   M=Dialogs  ACBP=A9
 0001:0006999C 00000720 C=CODE     S=.text    G=(none)   M=Clipbrd  ACBP=A9
 0001:0006A0BC 00000038 C=CODE     S=.text    G=(none)   M=StrUtils ACBP=A9
 0001:0006A0F4 00000168 C=CODE     S=.text    G=(none)   M=StdActns ACBP=A9
 0001:0006A25C 00000CC4 C=CODE     S=.text    G=(none)   M=WinHelpViewer ACBP=A9
 0001:0006AF20 000110EF C=CODE     S=.text    G=(none)   M=Controls ACBP=A9
 0001:0007C010 000019D6 C=CODE     S=.text    G=(none)   M=ActnList ACBP=A9
 0001:0007D9E8 00001978 C=CODE     S=.text    G=(none)   M=ImgList  ACBP=A9
 0001:0007F360 00006569 C=CODE     S=.text    G=(none)   M=Menus    ACBP=A9
 0001:000858CC 0000CB90 C=CODE     S=.text    G=(none)   M=Forms    ACBP=A9
 0001:0009245C 00000038 C=CODE     S=.text    G=(none)   M=RichEdit ACBP=A9
 0001:00092494 00000ACC C=CODE     S=.text    G=(none)   M=ToolWin  ACBP=A9
 0001:00092F60 00000038 C=CODE     S=.text    G=(none)   M=ComStrs  ACBP=A9
 0001:00092F98 00002421 C=CODE     S=.text    G=(none)   M=Buttons  ACBP=A9
 0001:000953BC 00000CE0 C=CODE     S=.text    G=(none)   M=ExtDlgs  ACBP=A9
 0001:0009609C 00000068 C=CODE     S=.text    G=(none)   M=IniFiles ACBP=A9
 0001:00096104 00000068 C=CODE     S=.text    G=(none)   M=Registry ACBP=A9
 0001:0009616C 0000006C C=CODE     S=.text    G=(none)   M=Mapi     ACBP=A9
 0001:000961D8 00000038 C=CODE     S=.text    G=(none)   M=ExtActns ACBP=A9
 0001:00096210 00000038 C=CODE     S=.text    G=(none)   M=ListActns ACBP=A9
 0001:00096248 000093A8 C=CODE     S=.text    G=(none)   M=ComCtrls ACBP=A9
 0001:0009F5F0 00000A4C C=CODE     S=.text    G=(none)   M=MaskUtils ACBP=A9
 0001:000A003C 00002104 C=CODE     S=.text    G=(none)   M=Mask     ACBP=A9
 0001:000A2140 00007F48 C=CODE     S=.text    G=(none)   M=Grids    ACBP=A9
 0001:000AA088 00000070 C=CODE     S=.text    G=(none)   M=DateUtils ACBP=A9
 0001:000AA0F8 00000278 C=CODE     S=.text    G=(none)   M=DBConsts ACBP=A9
 0001:000AA370 0000113B C=CODE     S=.text    G=(none)   M=SqlTimSt ACBP=A9
 0001:000AB4AC 00004C47 C=CODE     S=.text    G=(none)   M=FMTBcd   ACBP=A9
 0001:000B00F4 00000058 C=CODE     S=.text    G=(none)   M=ComConst ACBP=A9
 0001:000B014C 00000FC1 C=CODE     S=.text    G=(none)   M=ComObj   ACBP=A9
 0001:000B1110 00015670 C=CODE     S=.text    G=(none)   M=DB       ACBP=A9
 0001:000C6780 000000B8 C=CODE     S=.text    G=(none)   M=VDBConsts ACBP=A9
 0001:000C6838 00000706 C=CODE     S=.text    G=(none)   M=DBLogDlg ACBP=A9
 0001:000C6F40 0000052D C=CODE     S=.text    G=(none)   M=DBPWDlg  ACBP=A9
 0001:000C7470 0000769C C=CODE     S=.text    G=(none)   M=DBCtrls  ACBP=A9
 0001:000CEB0C 00008CF4 C=CODE     S=.text    G=(none)   M=DBGrids  ACBP=A9
 0001:000D7800 00004364 C=CODE     S=.text    G=(none)   M=DBCommon ACBP=A9
 0001:000DBB64 00003D04 C=CODE     S=.text    G=(none)   M=BDE      ACBP=A9
 0001:000DF868 00000068 C=CODE     S=.text    G=(none)   M=SMINTF   ACBP=A9
 0001:000DF8D0 00000120 C=CODE     S=.text    G=(none)   M=bdeconst ACBP=A9
 0001:000DF9F0 00010120 C=CODE     S=.text    G=(none)   M=DBTables ACBP=A9
 0001:000EFB10 00000198 C=CODE     S=.text    G=(none)   M=dmLibU   ACBP=A9
 0001:000EFCA8 000003A8 C=CODE     S=.text    G=(none)   M=QR3Const ACBP=A9
 0001:000F0050 000002E0 C=CODE     S=.text    G=(none)   M=QRPrgres ACBP=A9
 0001:000F0330 000072F4 C=CODE     S=.text    G=(none)   M=QRExpr   ACBP=A9
 0001:000F7624 00000038 C=CODE     S=.text    G=(none)   M=QRLablEd ACBP=A9
 0001:000F765C 00000038 C=CODE     S=.text    G=(none)   M=QRExprEd ACBP=A9
 0001:000F7694 000031A0 C=CODE     S=.text    G=(none)   M=QRCtrls  ACBP=A9
 0001:000FA834 00000C8F C=CODE     S=.text    G=(none)   M=QRPrnSu  ACBP=A9
 0001:000FB4C4 00000038 C=CODE     S=.text    G=(none)   M=StdVCL   ACBP=A9
 0001:000FB4FC 00001797 C=CODE     S=.text    G=(none)   M=AxCtrls  ACBP=A9
 0001:000FCC94 00000058 C=CODE     S=.text    G=(none)   M=OleConst ACBP=A9
 0001:000FCCEC 00003439 C=CODE     S=.text    G=(none)   M=OleCtrls ACBP=A9
 0001:00100128 00000038 C=CODE     S=.text    G=(none)   M=QRAbout  ACBP=A9
 0001:00100160 00000038 C=CODE     S=.text    G=(none)   M=QRCompEd ACBP=A9
 0001:00100198 00000098 C=CODE     S=.text    G=(none)   M=QRExtra  ACBP=A9
 0001:00100230 00000038 C=CODE     S=.text    G=(none)   M=QREnvEd  ACBP=A9
 0001:00100268 00000038 C=CODE     S=.text    G=(none)   M=QRExpBld ACBP=A9
 0001:001002A0 00000C78 C=CODE     S=.text    G=(none)   M=QRPrev   ACBP=A9
 0001:00100F18 0000430A C=CODE     S=.text    G=(none)   M=QRPrntr  ACBP=A9
 0001:00105224 0000B319 C=CODE     S=.text    G=(none)   M=QuickRpt ACBP=A9
 0001:00110540 00000038 C=CODE     S=.text    G=(none)   M=Request  ACBP=A9
 0001:00110578 00000434 C=CODE     S=.text    G=(none)   M=Find     ACBP=A9
 0001:001109AC 000004D0 C=CODE     S=.text    G=(none)   M=Edit     ACBP=A9
 0001:00110E7C 0000021C C=CODE     S=.text    G=(none)   M=About    ACBP=A9
 0001:00111098 00000348 C=CODE     S=.text    G=(none)   M=Main     ACBP=A9
 0001:001113E0 00000454 C=CODE     S=.text    G=(none)   M=Lib      ACBP=A9
 0002:00000000 00000090 C=DATA     S=.data    G=DGROUP   M=System   ACBP=A9
 0002:00000090 00000018 C=DATA     S=.data    G=DGROUP   M=SysInit  ACBP=A9
 0002:000000A8 00000274 C=DATA     S=.data    G=DGROUP   M=SysUtils ACBP=A9
 0002:0000031C 00000108 C=DATA     S=.data    G=DGROUP   M=VarUtils ACBP=A9
 0002:00000424 00000092 C=DATA     S=.data    G=DGROUP   M=Variants ACBP=A9
 0002:000004B8 0000000C C=DATA     S=.data    G=DGROUP   M=TypInfo  ACBP=A9
 0002:000004C4 00000010 C=DATA     S=.data    G=DGROUP   M=ActiveX  ACBP=A9
 0002:000004D4 000000AC C=DATA     S=.data    G=DGROUP   M=Classes  ACBP=A9
 0002:00000580 000003B4 C=DATA     S=.data    G=DGROUP   M=EConsts  ACBP=A9
 0002:00000934 00000024 C=DATA     S=.data    G=DGROUP   M=ECore    ACBP=A9
 0002:00000958 00000180 C=DATA     S=.data    G=DGROUP   M=EHook    ACBP=A9
 0002:00000AD8 00001674 C=DATA     S=.data    G=DGROUP   M=EZLib    ACBP=A9
 0002:0000214C 00000040 C=DATA     S=.data    G=DGROUP   M=EBase64  ACBP=A9
 0002:0000218C 00000012 C=DATA     S=.data    G=DGROUP   M=ETarGZip ACBP=A9
 0002:000021A0 000000E0 C=DATA     S=.data    G=DGROUP   M=EWebTools ACBP=A9
 0002:00002280 00000020 C=DATA     S=.data    G=DGROUP   M=EXMLBuilder ACBP=A9
 0002:000022A0 000000A0 C=DATA     S=.data    G=DGROUP   M=ExceptionLog ACBP=A9
 0002:00002340 000002EC C=DATA     S=.data    G=DGROUP   M=Graphics ACBP=A9
 0002:0000262C 0000000C C=DATA     S=.data    G=DGROUP   M=Printers ACBP=A9
 0002:00002638 000000A0 C=DATA     S=.data    G=DGROUP   M=StdCtrls ACBP=A9
 0002:000026D8 00000014 C=DATA     S=.data    G=DGROUP   M=ExtCtrls ACBP=A9
 0002:000026EC 00000114 C=DATA     S=.data    G=DGROUP   M=Dialogs  ACBP=A9
 0002:00002800 0000013C C=DATA     S=.data    G=DGROUP   M=Controls ACBP=A9
 0002:0000293C 00000020 C=DATA     S=.data    G=DGROUP   M=ImgList  ACBP=A9
 0002:0000295C 000000EC C=DATA     S=.data    G=DGROUP   M=Menus    ACBP=A9
 0002:00002A48 00000130 C=DATA     S=.data    G=DGROUP   M=Forms    ACBP=A9
 0002:00002B78 00000020 C=DATA     S=.data    G=DGROUP   M=ToolWin  ACBP=A9
 0002:00002B98 00000046 C=DATA     S=.data    G=DGROUP   M=Buttons  ACBP=A9
 0002:00002BE0 00000008 C=DATA     S=.data    G=DGROUP   M=IniFiles ACBP=A9
 0002:00002BE8 00000008 C=DATA     S=.data    G=DGROUP   M=Registry ACBP=A9
 0002:00002BF0 00000008 C=DATA     S=.data    G=DGROUP   M=Mapi     ACBP=A9
 0002:00002BF8 0000006D C=DATA     S=.data    G=DGROUP   M=ComCtrls ACBP=A9
 0002:00002C68 00000009 C=DATA     S=.data    G=DGROUP   M=MaskUtils ACBP=A9
 0002:00002C74 00000004 C=DATA     S=.data    G=DGROUP   M=Mask     ACBP=A9
 0002:00002C78 0000003C C=DATA     S=.data    G=DGROUP   M=SqlTimSt ACBP=A9
 0002:00002CB4 00000065 C=DATA     S=.data    G=DGROUP   M=FMTBcd   ACBP=A9
 0002:00002D1C 00000030 C=DATA     S=.data    G=DGROUP   M=ComObj   ACBP=A9
 0002:00002D4C 0000021E C=DATA     S=.data    G=DGROUP   M=DB       ACBP=A9
 0002:00002F6C 0000006C C=DATA     S=.data    G=DGROUP   M=DBCtrls  ACBP=A9
 0002:00002FD8 00000028 C=DATA     S=.data    G=DGROUP   M=DBGrids  ACBP=A9
 0002:00003000 0000001C C=DATA     S=.data    G=DGROUP   M=DBCommon ACBP=A9
 0002:0000301C 00000C50 C=DATA     S=.data    G=DGROUP   M=BDE      ACBP=A9
 0002:00003C6C 00000010 C=DATA     S=.data    G=DGROUP   M=SMINTF   ACBP=A9
 0002:00003C7C 00000128 C=DATA     S=.data    G=DGROUP   M=DBTables ACBP=A9
 0002:00003DA4 00000020 C=DATA     S=.data    G=DGROUP   M=QRCtrls  ACBP=A9
 0002:00003DC4 00000014 C=DATA     S=.data    G=DGROUP   M=QRPrnSu  ACBP=A9
 0002:00003DD8 0000002C C=DATA     S=.data    G=DGROUP   M=OleCtrls ACBP=A9
 0002:00003E04 00000328 C=DATA     S=.data    G=DGROUP   M=QRPrntr  ACBP=A9
 0002:0000412C 00000058 C=DATA     S=.data    G=DGROUP   M=QuickRpt ACBP=A9
 0002:00005000 0000070C C=BSS      S=.bss     G=DGROUP   M=System   ACBP=A9
 0002:0000570C 00000018 C=BSS      S=.bss     G=DGROUP   M=SysInit  ACBP=A9
 0002:00005724 00000004 C=BSS      S=.bss     G=DGROUP   M=Types    ACBP=A9
 0002:00005728 00000004 C=BSS      S=.bss     G=DGROUP   M=Windows  ACBP=A9
 0002:0000572C 00000004 C=BSS      S=.bss     G=DGROUP   M=SysConst ACBP=A9
 0002:00005730 00000120 C=BSS      S=.bss     G=DGROUP   M=SysUtils ACBP=A9
 0002:00005850 00000004 C=BSS      S=.bss     G=DGROUP   M=Messages ACBP=A9
 0002:00005854 00000004 C=BSS      S=.bss     G=DGROUP   M=VarUtils ACBP=A9
 0002:00005858 00000184 C=BSS      S=.bss     G=DGROUP   M=Variants ACBP=A9
 0002:000059DC 00000004 C=BSS      S=.bss     G=DGROUP   M=RTLConsts ACBP=A9
 0002:000059E0 00000004 C=BSS      S=.bss     G=DGROUP   M=TypInfo  ACBP=A9
 0002:000059E4 00000004 C=BSS      S=.bss     G=DGROUP   M=ActiveX  ACBP=A9
 0002:000059E8 00000044 C=BSS      S=.bss     G=DGROUP   M=Classes  ACBP=A9
 0002:00005A2C 00000004 C=BSS      S=.bss     G=DGROUP   M=ETypes   ACBP=A9
 0002:00005A30 00000004 C=BSS      S=.bss     G=DGROUP   M=EConsts  ACBP=A9
 0002:00005A34 00000009 C=BSS      S=.bss     G=DGROUP   M=ECore    ACBP=A9
 0002:00005A40 00000004 C=BSS      S=.bss     G=DGROUP   M=ShellAPI ACBP=A9
 0002:00005A44 00000004 C=BSS      S=.bss     G=DGROUP   M=WinSock  ACBP=A9
 0002:00005A48 00000010 C=BSS      S=.bss     G=DGROUP   M=EHook    ACBP=A9
 0002:00005A58 00000004 C=BSS      S=.bss     G=DGROUP   M=ELang    ACBP=A9
 0002:00005A5C 00000004 C=BSS      S=.bss     G=DGROUP   M=ESockets ACBP=A9
 0002:00005A60 00000004 C=BSS      S=.bss     G=DGROUP   M=EZLib    ACBP=A9
 0002:00005A64 0000001C C=BSS      S=.bss     G=DGROUP   M=EEncrypt ACBP=A9
 0002:00005A80 00000004 C=BSS      S=.bss     G=DGROUP   M=EBase64  ACBP=A9
 0002:00005A84 00000404 C=BSS      S=.bss     G=DGROUP   M=ETarGZip ACBP=A9
 0002:00005E88 00000048 C=BSS      S=.bss     G=DGROUP   M=EWebTools ACBP=A9
 0002:00005ED0 00000004 C=BSS      S=.bss     G=DGROUP   M=EXMLBuilder ACBP=A9
 0002:00005ED4 00000004 C=BSS      S=.bss     G=DGROUP   M=ELogManager ACBP=A9
 0002:00005ED8 00000004 C=BSS      S=.bss     G=DGROUP   M=EListView ACBP=A9
 0002:00005EDC 000008B0 C=BSS      S=.bss     G=DGROUP   M=ExceptionLog ACBP=A9
 0002:0000678C 00000004 C=BSS      S=.bss     G=DGROUP   M=Consts   ACBP=A9
 0002:00006790 00000060 C=BSS      S=.bss     G=DGROUP   M=Graphics ACBP=A9
 0002:000067F0 00000004 C=BSS      S=.bss     G=DGROUP   M=Math     ACBP=A9
 0002:000067F4 00000004 C=BSS      S=.bss     G=DGROUP   M=Contnrs  ACBP=A9
 0002:000067F8 0000000C C=BSS      S=.bss     G=DGROUP   M=CommCtrl ACBP=A9
 0002:00006804 00000031 C=BSS      S=.bss     G=DGROUP   M=MultiMon ACBP=A9
 0002:00006838 00000004 C=BSS      S=.bss     G=DGROUP   M=Imm      ACBP=A9
 0002:0000683C 00000008 C=BSS      S=.bss     G=DGROUP   M=HelpIntfs ACBP=A9
 0002:00006844 00000004 C=BSS      S=.bss     G=DGROUP   M=WinSpool ACBP=A9
 0002:00006848 00000004 C=BSS      S=.bss     G=DGROUP   M=Printers ACBP=A9
 0002:0000684C 00000034 C=BSS      S=.bss     G=DGROUP   M=FlatSB   ACBP=A9
 0002:00006880 00000004 C=BSS      S=.bss     G=DGROUP   M=StdCtrls ACBP=A9
 0002:00006884 00000004 C=BSS      S=.bss     G=DGROUP   M=RegStr   ACBP=A9
 0002:00006888 00000004 C=BSS      S=.bss     G=DGROUP   M=WinInet  ACBP=A9
 0002:0000688C 00000004 C=BSS      S=.bss     G=DGROUP   M=UrlMon   ACBP=A9
 0002:00006890 00000004 C=BSS      S=.bss     G=DGROUP   M=ShlObj   ACBP=A9
 0002:00006894 00000004 C=BSS      S=.bss     G=DGROUP   M=CommDlg  ACBP=A9
 0002:00006898 00000004 C=BSS      S=.bss     G=DGROUP   M=ExtCtrls ACBP=A9
 0002:0000689C 00000004 C=BSS      S=.bss     G=DGROUP   M=Dlgs     ACBP=A9
 0002:000068A0 00000038 C=BSS      S=.bss     G=DGROUP   M=Dialogs  ACBP=A9
 0002:000068D8 0000000C C=BSS      S=.bss     G=DGROUP   M=Clipbrd  ACBP=A9
 0002:000068E4 00000004 C=BSS      S=.bss     G=DGROUP   M=StrUtils ACBP=A9
 0002:000068E8 00000004 C=BSS      S=.bss     G=DGROUP   M=StdActns ACBP=A9
 0002:000068EC 00000010 C=BSS      S=.bss     G=DGROUP   M=WinHelpViewer ACBP=A9
 0002:000068FC 00000080 C=BSS      S=.bss     G=DGROUP   M=Controls ACBP=A9
 0002:0000697C 00000004 C=BSS      S=.bss     G=DGROUP   M=ActnList ACBP=A9
 0002:00006980 00000004 C=BSS      S=.bss     G=DGROUP   M=ImgList  ACBP=A9
 0002:00006984 00000010 C=BSS      S=.bss     G=DGROUP   M=Menus    ACBP=A9
 0002:00006994 00000020 C=BSS      S=.bss     G=DGROUP   M=Forms    ACBP=A9
 0002:000069B4 00000004 C=BSS      S=.bss     G=DGROUP   M=RichEdit ACBP=A9
 0002:000069B8 00000004 C=BSS      S=.bss     G=DGROUP   M=ToolWin  ACBP=A9
 0002:000069BC 00000004 C=BSS      S=.bss     G=DGROUP   M=ComStrs  ACBP=A9
 0002:000069C0 00000030 C=BSS      S=.bss     G=DGROUP   M=Buttons  ACBP=A9
 0002:000069F0 00000004 C=BSS      S=.bss     G=DGROUP   M=ExtDlgs  ACBP=A9
 0002:000069F4 00000004 C=BSS      S=.bss     G=DGROUP   M=IniFiles ACBP=A9
 0002:000069F8 00000004 C=BSS      S=.bss     G=DGROUP   M=Registry ACBP=A9
 0002:000069FC 00000004 C=BSS      S=.bss     G=DGROUP   M=Mapi     ACBP=A9
 0002:00006A00 00000004 C=BSS      S=.bss     G=DGROUP   M=ExtActns ACBP=A9
 0002:00006A04 00000004 C=BSS      S=.bss     G=DGROUP   M=ListActns ACBP=A9
 0002:00006A08 00000034 C=BSS      S=.bss     G=DGROUP   M=ComCtrls ACBP=A9
 0002:00006A3C 00000004 C=BSS      S=.bss     G=DGROUP   M=MaskUtils ACBP=A9
 0002:00006A40 00000004 C=BSS      S=.bss     G=DGROUP   M=Mask     ACBP=A9
 0002:00006A44 00000004 C=BSS      S=.bss     G=DGROUP   M=Grids    ACBP=A9
 0002:00006A48 00000004 C=BSS      S=.bss     G=DGROUP   M=DateUtils ACBP=A9
 0002:00006A4C 00000004 C=BSS      S=.bss     G=DGROUP   M=DBConsts ACBP=A9
 0002:00006A50 00000004 C=BSS      S=.bss     G=DGROUP   M=SqlTimSt ACBP=A9
 0002:00006A54 00000004 C=BSS      S=.bss     G=DGROUP   M=FMTBcd   ACBP=A9
 0002:00006A58 00000004 C=BSS      S=.bss     G=DGROUP   M=ComConst ACBP=A9
 0002:00006A5C 00000011 C=BSS      S=.bss     G=DGROUP   M=ComObj   ACBP=A9
 0002:00006A70 00000020 C=BSS      S=.bss     G=DGROUP   M=DB       ACBP=A9
 0002:00006A90 00000004 C=BSS      S=.bss     G=DGROUP   M=VDBConsts ACBP=A9
 0002:00006A94 00000004 C=BSS      S=.bss     G=DGROUP   M=DBLogDlg ACBP=A9
 0002:00006A98 00000004 C=BSS      S=.bss     G=DGROUP   M=DBPWDlg  ACBP=A9
 0002:00006A9C 00000004 C=BSS      S=.bss     G=DGROUP   M=DBCtrls  ACBP=A9
 0002:00006AA0 0000000C C=BSS      S=.bss     G=DGROUP   M=DBGrids  ACBP=A9
 0002:00006AAC 00000004 C=BSS      S=.bss     G=DGROUP   M=DBCommon ACBP=A9
 0002:00006AB0 0000001C C=BSS      S=.bss     G=DGROUP   M=BDE      ACBP=A9
 0002:00006ACC 00000004 C=BSS      S=.bss     G=DGROUP   M=SMINTF   ACBP=A9
 0002:00006AD0 00000004 C=BSS      S=.bss     G=DGROUP   M=bdeconst ACBP=A9
 0002:00006AD4 00000061 C=BSS      S=.bss     G=DGROUP   M=DBTables ACBP=A9
 0002:00006B38 00000008 C=BSS      S=.bss     G=DGROUP   M=dmLibU   ACBP=A9
 0002:00006B40 00000004 C=BSS      S=.bss     G=DGROUP   M=QR3Const ACBP=A9
 0002:00006B44 00000004 C=BSS      S=.bss     G=DGROUP   M=QRPrgres ACBP=A9
 0002:00006B48 00000011 C=BSS      S=.bss     G=DGROUP   M=QRExpr   ACBP=A9
 0002:00006B5C 00000004 C=BSS      S=.bss     G=DGROUP   M=QRLablEd ACBP=A9
 0002:00006B60 00000004 C=BSS      S=.bss     G=DGROUP   M=QRExprEd ACBP=A9
 0002:00006B64 00000004 C=BSS      S=.bss     G=DGROUP   M=QRCtrls  ACBP=A9
 0002:00006B68 0000000D C=BSS      S=.bss     G=DGROUP   M=QRPrnSu  ACBP=A9
 0002:00006B78 00000004 C=BSS      S=.bss     G=DGROUP   M=StdVCL   ACBP=A9
 0002:00006B7C 0000001C C=BSS      S=.bss     G=DGROUP   M=AxCtrls  ACBP=A9
 0002:00006B98 00000004 C=BSS      S=.bss     G=DGROUP   M=OleConst ACBP=A9
 0002:00006B9C 00000014 C=BSS      S=.bss     G=DGROUP   M=OleCtrls ACBP=A9
 0002:00006BB0 00000004 C=BSS      S=.bss     G=DGROUP   M=QRAbout  ACBP=A9
 0002:00006BB4 00000004 C=BSS      S=.bss     G=DGROUP   M=QRCompEd ACBP=A9
 0002:00006BB8 00000004 C=BSS      S=.bss     G=DGROUP   M=QRExtra  ACBP=A9
 0002:00006BBC 00000004 C=BSS      S=.bss     G=DGROUP   M=QREnvEd  ACBP=A9
 0002:00006BC0 00000004 C=BSS      S=.bss     G=DGROUP   M=QRExpBld ACBP=A9
 0002:00006BC4 00000004 C=BSS      S=.bss     G=DGROUP   M=QRPrev   ACBP=A9
 0002:00006BC8 00000010 C=BSS      S=.bss     G=DGROUP   M=QRPrntr  ACBP=A9
 0002:00006BD8 00000049 C=BSS      S=.bss     G=DGROUP   M=QuickRpt ACBP=A9
 0002:00006C24 00000008 C=BSS      S=.bss     G=DGROUP   M=Request  ACBP=A9
 0002:00006C2C 00000004 C=BSS      S=.bss     G=DGROUP   M=Find     ACBP=A9
 0002:00006C30 00000004 C=BSS      S=.bss     G=DGROUP   M=Edit     ACBP=A9
 0002:00006C34 00000004 C=BSS      S=.bss     G=DGROUP   M=About    ACBP=A9
 0002:00006C38 00000008 C=BSS      S=.bss     G=DGROUP   M=Main     ACBP=A9


  Address         Publics by Name

 0002:00003B90       ..
 0001:000DBB84       ..
 0002:000016E0       ..
 0002:00000B54       ..
 0001:000DEEE8       ..
 0002:0000301C       ..
 0002:00000BA4       ..
 0002:00006AB4       ..
 0002:000015B4       ..
 0001:0002CCB4       ..
 0002:00000B00       ..
 0002:000068A0       .01
 0002:00006B7C       .02
 0002:000059DC       .1
 0002:00005A40       .1
 0002:00006ACC       .1
 0002:0000571C       .1
 0002:00005A2C       .1
 0002:00005854       .1
 0002:000069FC       .1
 0002:00005850       .1
 0002:0000678C       .1
 0002:00005A80       .1
 0002:00005724       .1
 0002:0000572C       .1
 0002:000067F8       .1
 0002:00006824       .1
 0002:00006838       .1
 0002:000069BC       .1
 0002:0000686C       .1
 0002:00006884       .1
 0002:000069B4       .1
 0002:00006888       .1
 0002:00006B40       .1
 0002:0000688C       .1
 0002:00006890       .1
 0002:00006894       .1
 0002:00005A64       .1
 0002:0000689C       .1
 0002:000068E4       .1
 0002:00006B78       .1
 0002:00005A44       .1
 0002:00006AD0       .1
 0002:00006A48       .1
 0002:00006A4C       .1
 0002:00006A50       .1
 0002:00006AB0       .1
 0002:00005A48       .1
 0002:00005A58       .1
 0002:00006A58       .1
 0002:00006A90       .1
 0002:00005E88       .1
 0002:000068F4       .1
 0002:00006B98       .1
 0002:00006A44       .11
 0002:00006898       .12
 0002:00006794       .12
 0002:00006C2C       .2
 0002:00006C28       .2
 0002:00005ED8       .2
 0002:00006C30       .2
 0002:00006A94       .2
 0002:000068DC       .2
 0002:00006A98       .2
 0002:00006C34       .2
 0002:00006BB0       .2
 0002:00006BB4       .2
 0002:00006C3C       .2
 0002:00006BBC       .2
 0002:00005A60       .2
 0002:00006A3C       .2
 0002:00005A38       .2
 0002:000067F0       .2
 0002:00006BC0       .2
 0002:0000683C       .2
 0002:00006B44       .2
 0002:00006BC4       .2
 0002:00006B3C       .2
 0002:000067F4       .21
 0002:00006A9C       .22
 0002:00006AE0       .22
 0002:00006848       .3
 0002:00006844       .3
 0002:00005ED4       .3
 0002:00005ED0       .3
 0002:00006AAC       .3
 0002:00006980       .3
 0002:00005A84       .3
 0002:000069F0       .3
 0002:00005728       .3
 0002:000059E4       .3
 0002:00006A54       .3
 0002:00005878       .3
 0002:00006B5C       .3
 0002:00006B60       .3
 0002:00006BD8       .33
 0002:000059F0       .35
 0002:00006A8C       .36
 0002:00006A08       .36
 0002:000069B8       .4
 0002:00005A30       .4
 0002:000069C0       .4
 0002:00005A5C       .4
 0002:00006A5C       .41
 0002:0000699C       .41
 0002:00006880       .42
 0002:000069F8       .5
 0002:00006BB8       .5
 0002:00006A40       .5
 0002:00006BAC       .5
 0002:000055BC       .5
 0002:00006B68       .5
 0002:00006B4C       .51
 0002:00006BCC       .51
 0002:000059E0       .6
 0002:000068E8       .63
 0002:00006B64       .71
 0002:00006A00       .72
 0002:00006904       .72
 0002:00005EF8       .8
 0002:000069F4       .8
 0002:00006A04       .8
 0002:0000697C       .8
 0002:0000698C       .9
 0002:00006AA0       .9
 0002:00005840       .94
 0001:00001D8C       @AbstractError
 0001:00004620       @AddRefArray
 0001:000045F0       @AddRefRecord
 0001:00002E90       @AfterConstruction
 0001:00002C84       @AsClass
 0001:00003904       @Assert
 0001:000021F8       @AStrCmp
 0001:00002EA0       @BeforeDestruction
 0001:00002A14       @BoundErr
 0001:00002CD0       @CallDynaInst
 0001:00005AD0       @CheckAutoResult
 0001:00002E38       @ClassCreate
 0001:00002E88       @ClassDestroy
 0001:000020C4       @Close
 0001:00001998       @Copy
 0001:000047FC       @CopyArray
 0001:000046E0       @CopyRecord
 0001:00004AE4       @DispCallByIDError
 0001:00004904       @Dispose
 0001:000033E0       @DoneExcept
 0001:0000533C       @DynArrayAddRef
 0001:00005314       @DynArrayAsg
 0001:000052D8       @DynArrayClear
 0001:000051C4       @DynArrayCopy
 0001:000051E4       @DynArrayCopyRange
 0001:00005004       @DynArrayHigh
 0001:00004FFC       @DynArrayLength
 0001:000051B8       @DynArraySetLength
 0001:000034C8       @ExceptionHandler
 0001:00002268       @FillChar
 0001:000045E4       @Finalize
 0001:000044F8       @FinalizeArray
 0001:000044C4       @FinalizeRecord
 0001:00002CE8       @FindDynaInst
 0001:000020B8       @Flush
 0001:00002A08       @FpuInit
 0001:00002944       @FpuMaskInit
 0001:00001D38       @FRAC
 0001:00001820       @FreeMem
 0001:00001800       @GetMem
 0001:00006044       @GetTls
 0001:000038EC       @Halt
 0001:00003814       @Halt0
 0001:00002FB4       @HandleAnyException
 0001:000032A0       @HandleAutoException
 0001:00003268       @HandleFinally
 0001:000030E0       @HandleOnException
 0001:0002AEF8       @inflate_fast
 0001:0002C840       @inflate_table
 0001:00006090       @InitExe
 0001:000044B8       @Initialize
 0001:00004424       @InitializeArray
 0001:000043F4       @InitializeRecord
 0001:000036D8       @InitImports
 0001:000036B0       @InitResStringImports
 0001:00001A54       @Insert
 0001:00001D18       @INT
 0001:00005A34       @IntfAddRef
 0001:00005A08       @IntfCast
 0001:000059C4       @IntfClear
 0001:000059DC       @IntfCopy
 0001:00002C60       @IsClass
 0001:00002914       @isNECWindows
 0001:000019DC       @LGetDir
 0001:00003E64       @LStrAddRef
 0001:000039CC       @LStrArrayClr
 0001:000039FC       @LStrAsg
 0001:00003C84       @LStrCat
 0001:00003CC8       @LStrCat3
 0001:00003D3C       @LStrCatN
 0001:000039A8       @LStrClr
 0001:00003DC0       @LStrCmp
 0001:00003ED4       @LStrCopy
 0001:00003F14       @LStrDelete
 0001:00003C10       @LStrFromArray
 0001:00003B88       @LStrFromChar
 0001:00003B98       @LStrFromPChar
 0001:00003A98       @LStrFromPCharLen
 0001:00003BC8       @LStrFromPWChar
 0001:00003AFC       @LStrFromPWCharLen
 0001:00003C04       @LStrFromString
 0001:00003C28       @LStrFromWArray
 0001:00003C44       @LStrFromWStr
 0001:00003F5C       @LStrInsert
 0001:00003A40       @LStrLAsg
 0001:00003C7C       @LStrLen
 0001:00004064       @LStrOfChar
 0001:00003FB8       @LStrPos
 0001:00004000       @LStrSetLength
 0001:00003E74       @LStrToPChar
 0001:00003C58       @LStrToString
 0001:000048F0       @New
 0001:00003A6C       @NewAnsiString
 0001:000040C0       @NewWideString
 0001:00004A9C       @OleVarFromInt
 0001:00004A94       @OleVarFromVar
 0001:00001CC8       @Pos
 0001:0000262C       @Pow10
 0001:00002174       @PStrCmp
 0001:0000214C       @PStrCpy
 0001:0000211C       @PStrNCat
 0001:00002158       @PStrNCpy
 0001:0000338C       @RaiseAgain
 0001:00003364       @RaiseExcept
 0001:00002288       @RandInt
 0001:00001840       @ReallocMem
 0001:00001E00       @RewritText
 0001:00001D5C       @ROUND
 0001:000038F8       @RunError
 0001:00002568       @SetElem
 0001:000025E4       @SetEq
 0001:00002604       @SetExpand
 0001:00001D08       @SetLength
 0001:0000258C       @SetRange
 0001:000025F8       @SetUnion
 0001:00003670       @StartExe
 0001:00004DBC       @Str0Int64
 0001:00002304       @Str0Long
 0001:00004CFC       @StrInt64
 0001:000003EC       @strlen
 0001:000022A4       @StrLong
 0001:00001D68       @TRUNC
 0001:00003410       @TryFinallyExit
 0001:00003ECC       @UniqueStringA
 0001:00004DD8       @ValInt64
 0001:00002310       @ValLong
 0001:00004ADC       @VarAddRef
 0001:00004AEC       @VarArrayGet
 0001:00004AF8       @VarArrayPut
 0001:000049E0       @VarCast
 0001:000049D0       @VarClear
 0001:00004AD4       @VarClr
 0001:00004AA4       @VarCmpEQ
 0001:00004AC8       @VarCmpGT
 0001:00004ABC       @VarCmpLT
 0001:00004AB0       @VarCmpNE
 0001:000049D8       @VarCopy
 0001:00004A4C       @VarFromBool
 0001:00004A64       @VarFromCurr
 0001:00004A8C       @VarFromDisp
 0001:00004A30       @VarFromInt
 0001:00004A38       @VarFromInt64
 0001:00004A84       @VarFromIntf
 0001:00004A74       @VarFromLStr
 0001:00004A6C       @VarFromPStr
 0001:00004A54       @VarFromReal
 0001:00004A5C       @VarFromTDateTime
 0001:00004A7C       @VarFromWStr
 0001:000049F8       @VarToBool
 0001:00004A08       @VarToCurr
 0001:00004A28       @VarToDisp
 0001:000049E8       @VarToInt
 0001:000049F0       @VarToInt64
 0001:00004A20       @VarToIntf
 0001:00004A10       @VarToLStr
 0001:00004A00       @VarToReal
 0001:00004A18       @VarToWStr
 0001:00004090       @Write0LString
 0001:00002420       @WriteBytes
 0001:000024F0       @WriteLn
 0001:00004098       @WriteLString
 0001:00002474       @WriteSpaces
 0001:000043D4       @WStrAddRef
 0001:00004100       @WStrArrayClr
 0001:00004124       @WStrAsg
 0001:00004260       @WStrCat
 0001:000040E8       @WStrClr
 0001:000042C0       @WStrCmp
 0001:00004344       @WStrCopy
 0001:00004234       @WStrFromLStr
 0001:00004148       @WStrFromPCharLen
 0001:000041F8       @WStrFromPWChar
 0001:000041D4       @WStrFromPWCharLen
 0001:00004254       @WStrLen
 0001:00004390       @WStrSetLength
 0001:00004244       @WStrToPWChar
 0001:00002544       @_CLenToPasStr
 0001:00002538       @_CToPasStr
 0001:00001968       @_IOTest
 0001:00004B28       @_lldiv
 0001:00004BF0       @_llmod
 0001:00004B04       @_llmul
 0001:00004CBC       @_llshl
 0001:00004BA4       @_lludiv
 0001:00004C6C       @_llumod
 0001:00004CDC       @_llushr
 0001:0002DEAC       @_tr_align
 0001:0002E178       @_tr_flush_block
 0001:0002CCB8       @_tr_init
 0001:0002DDF0       @_tr_stored_block
 0001:0000C7CC       Abort
 0001:000065EC       AbortDoc
 0001:0005DCA8       AbortProc
 0001:00111090       About
 0001:0006DE78       AbsMin
 0001:0000CBE0       AbstractErrorHandler
 0002:0000502C       AbstractErrorProc
 0002:0000012C       AccessMode
 0001:000018D0       AcquireExceptionObject
 0001:000432E4       ActicatePage
 0001:00018080       ActivateClassGroup
 0002:00006058       ActivateEurekaLog
 0001:000068EC       ActivateKeyboardLayout
 0002:00006938       ActiveDrag
 0001:00015984       ActiveX
 0001:0007D9BC       ActnList
 0001:0010CBE0       AddAll
 0001:0010E080       AddBandsToList
 0001:00000518       AddBlockAfter
 0001:0004D754       AddCallerCallStack
 0001:000AC928       AddChars
 0001:00045748       AddColor
 0001:000AF7EC       AddCurrency
 0001:000AEFBC       AddCurrencySymbol
 0001:0003FDAC       AddCustomHeaderToLog
 0002:000004D4       AddDataModule
 0001:000AE900       AddDigit
 0001:00029070       AddDNS
 0001:00008120       AddExitProc
 0001:000D8314       AddField
 0001:000B8220       AddFieldDefs
 0001:000D209C       AddFields
 0001:000B847C       AddFields
 0001:000EECF8       AddFieldToList
 0001:0001BE04       AddFinished
 0001:00080F58       AddIn
 0001:000F8370       AddLine
 0001:000AFADC       AddLiterals
 0001:0010CC64       AddLocalDataSets
 0001:000E302C       AddMessage
 0001:0003EDF0       AddModule
 0001:00005858       AddModuleUnloadProc
 0001:00005868       AddModuleUnloadProc
 0001:000AF09C       AddNegCurrencySymbol
 0001:000AE03C       AddNormalizedFractions
 0001:0001BE3C       AddNotFinished
 0001:00084C28       AddOle2
 0001:000AE8E4       AddOneChar
 0001:000274B4       AddrSize
 0001:000AC9E4       AddStrings
 0001:0002089C       AddThread
 0001:0003EF5C       AddToStack
 0001:00033B2C       AddValueField
 0001:000F81C8       AddWord
 0002:00002CAC       AdjustAmt
 0002:00002C94       AdjustAmt
 0002:00002C9C       AdjustAmt
 0002:00002CA4       AdjustAmt
 0001:00055F78       AdjustColor
 0001:00067028       AdjustColors
 0001:000AD440       AdjustDecimalPosition
 0001:00043234       AdjustDialog
 0001:000C4964       AdjustFirstRecord
 0001:00040EC4       AdjustFlatStyle
 0001:00088738       Adjustment
 0001:000068F4       AdjustWindowRectEx
 0001:00029D68       adler32
 0001:000463A8       AfterScreenshot
 0001:000460C0       AfterScreenshotToStream
 0001:0000DEFC       AL1
 0002:000002FC       AL1s
 0001:0000DF0C       AL2
 0002:0000030C       AL2s
 0002:00002FDC       AlignFlags
 0002:00002640       Alignments
 0002:000026E0       Alignments
 0002:00002A30       Alignments
 0002:00002A20       Alignments
 0002:00002F6C       AlignStyle
 0001:0008F5D4       AlignWork
 0001:00073640       AlignWork
 0001:000F8108       aLineWidth
 0001:00022688       AllocateHWnd
 0001:000683EC       AllocFilterStr
 0001:000080D4       AllocMem
 0002:000055B4       AllocMemCount
 0002:000055B8       AllocMemSize
 0001:0005BC14       AllocPatternBitmap
 0001:00005FEC       AllocTlsBuffer
 0001:0000DF78       ALR
 0001:0000DF24       ALV
 0001:0001F34C       AncestorValid
 0002:0000280C       AnchorAlign
 0002:00002800       AnimateWindowProc
 0002:00002908       AnimationStyle
 0001:0000D460       AnsiCompareFileName
 0001:00008300       AnsiCompareStr
 0001:00008338       AnsiCompareText
 0001:00008418       AnsiExtractQuotedStr
 0001:00008A94       AnsiLastChar
 0001:000068FC       AnsiLower
 0001:000082CC       AnsiLowerCase
 0001:0000D4E0       AnsiLowerCaseFileName
 0001:0000D428       AnsiPos
 0001:000856D8       AnsiSameCaption
 0001:00008370       AnsiSameText
 0001:00008388       AnsiStrIComp
 0001:000083A8       AnsiStrLIComp
 0001:0000D5F8       AnsiStrPos
 0001:0000D698       AnsiStrRScan
 0001:0000D6C0       AnsiStrScan
 0001:000E2C24       AnsiToNative
 0001:000E2CB0       AnsiToNativeBuf
 0001:00005E5C       AnsiToUtf8
 0001:00008298       AnsiUpperCase
 0001:0000D56C       AnsiUpperCaseFileName
 0001:0000F858       AnyChangeType
 0001:00010C50       AnyOp
 0001:00010284       AnyToIntf
 0001:0000AA4C       AppendChars
 0001:0000AE10       AppendFormat
 0001:0000AAB0       AppendNumber
 0001:0000AA90       AppendString
 0002:00006994       Application
 0002:000004E4       ApplicationHandleException
 0001:000E2450       ApplicationHandleException
 0001:0003F4B8       ApplicationRestore
 0002:000004EC       ApplicationShowException
 0002:00002B70       AppVisible
 0002:00006B50       ArgSeparator
 0002:00002C74       ArrowKey
 0001:0003E1C0       ASMAssigned
 0002:000009D8       AsmConst
 0001:0000CBC4       AssertErrorHandler
 0002:00005024       AssertErrorProc
 0001:000EDDEC       AssignFields
 0001:00014D60       AssignLongStr
 0001:00040468       AssignPriority
 0001:000153DC       AssignVariant
 0001:000470B0       AttachedFile
 0001:0004730C       AttachedFiles
 0002:00005EF0       AttachedFilesRequest
 0001:000B8D34       AttributeSetStored
 0002:00006064       AutoCloseTimer
 0001:0003FC80       AutoCloseTimerProc
 0002:00005608       avail
 0001:000FCC70       AxCtrls
 0001:00008F6C       BackfillGetDiskFreeSpaceEx
 0001:00070A1C       BackgroundClipped
 0001:0002F898       Base64Encode
 0001:00046D68       Base64EncodeFromFile
 0001:0002F954       Base64EncodeStr
 0001:0002F9A0       Base64EncodeString
 0001:0002F9A8       Base64EncodeToString
 0002:00002F44       BaseFieldTypes
 0002:00000424       BaseTypeMap
 0001:000AE794       BcdAdd
 0001:000AE3AC       BcdCompare
 0001:000AF42C       BcdCurrencyFormat
 0001:000AE728       BcdDivide
 0001:000AE610       BcdDivide
 0001:000AB7C8       BcdError
 0001:000AB758       BcdErrorFmt
 0001:000AEDDC       BcdFixedOrNumberFormat
 0001:000AED78       BcdGeneralFormat
 0001:000AE4AC       BcdMultiply
 0001:000AE5A4       BcdMultiply
 0001:000AEBD0       BcdScale
 0001:000AED90       BcdScientificFormat
 0001:000AE470       BcdSubtract
 0001:000AECCC       BCDToCurr
 0001:000AC46C       BcdToDouble
 0001:000AC4C4       BcdToInteger
 0001:000AEAB0       BcdToStr
 0001:000AF518       BcdToStrF
 0001:000DF860       BDE
 0001:000E2A30       BdeCallBack
 0001:000DF9E8       bdeconst
 0002:00006B2C       BDEInitProcs
 0001:0000D080       Beep
 0001:00018454       BeginGlobalLoading
 0001:00006904       BeginPaint
 0001:0000395C       BeginThread
 0001:00055F84       BetterSize
 0001:00066944       BevelLine
 0001:00066854       BevelRect
 0001:00081D30       BiDiDraw
 0001:0002570C       BinToStr
 0001:000065F4       BitBlt
 0002:00002B98       BitBtnCaptions
 0002:000069C4       BitBtnGlyphs
 0002:000025E0       BitmapCanvasList
 0002:000067AC       BitmapImageLock
 0002:000040B4       BitMask
 0001:000AD2DC       BlankArgument
 0002:00003D0C       BlobTypeMap
 0002:00000554       BlockCode
 0002:000055E0       blockDescBlockList
 0002:000055E4       blockDescFreeList
 0001:00048F1C       BlockingSendInternetMessage
 0002:000004B8       BooleanIdents
 0002:00003008       BoolFalse
 0002:00002638       BorderStyles
 0002:000026D8       BorderStyles
 0002:00002AAC       BorderStyles
 0001:00017384       Bounds
 0001:00006130       Bounds
 0002:00003DA4       BreakChars
 0002:000029C8       Breaks
 0002:000067E4       BrushManager
 0002:00002FAC       BtnHintId
 0002:00002F84       BtnTypeName
 0001:000B6EE0       BuffersEqual
 0001:000C4068       BufferToByteArray
 0001:000A293C       Build
 0001:00084440       BuildImage
 0001:00107F5C       BuildTreeFrom
 0002:000027A8       ButtonCaptions
 0002:00002BC8       ButtonCount
 0002:00003DFC       ButtonMap
 0002:0000277C       ButtonNames
 0001:00095394       Buttons
 0002:00002A44       Buttons
 0002:00002C20       ButtonStates
 0002:00002C30       ButtonStyles
 0002:0000267C       ButtonStyles
 0002:000068AC       ButtonWidths
 0001:000C411C       ByteArrayToBuffer
 0001:00055764       BytesPerScanline
 0001:000458B0       BytesPerScanline
 0001:00045324       BytesSwap
 0001:00055ABC       ByteSwapColors
 0001:0000D164       ByteToCharIndex
 0001:0000D13C       ByteToCharLen
 0001:0000D100       ByteType
 0001:0000D088       ByteTypeTest
 0002:000060CC       Cached_LogFile
 0001:000501C8       CalcAddr
 0001:000A4DC8       CalcAxis
 0001:000A5AF0       CalcAxis
 0001:000A500C       CalcAxisState
 0001:00045354       CalcCRC
 0001:0003D040       CalcDuplicatedException
 0001:0002F86C       CalcEncodedSize
 0001:000A4E54       CalcFixedAxis
 0001:000225C4       CalcJmpOffset
 0001:000A4F68       CalcMaxCell
 0001:000A6F9C       CalcPageExtents
 0001:000AF6DC       CalcPrecisionAndDigits
 0001:000A6898       CalcScroll
 0001:000A5F00       CalcScrollBar
 0001:0009CDCC       CalcSize
 0001:000A6BFC       CalcSizeInfo
 0001:0007B1DC       CalcSplitterPos
 0001:000BEBCC       CalcTotalSize
 0001:000B8D74       CalculatedStored
 0001:00027754       CalculateRelocatedAsmSize
 0001:0003DDE0       CallAttachedFilesRequest
 0001:0003DD74       CallCustomDataRequest
 0001:0003DE4C       CallCustomFieldsRequest
 0001:000FE550       CallEventMethod
 0001:0003DB88       CallExceptionActionNotify
 0001:0004AB4C       CallExceptionActionNotify_atSavedLogFile
 0001:0004AB38       CallExceptionActionNotify_atSavingLogFile
 0001:0004845C       CallExceptionActionNotify_atSendingEmail
 0001:00048484       CallExceptionActionNotify_atSendingWebMessage
 0001:00048470       CallExceptionActionNotify_atSentEmail
 0001:00048498       CallExceptionActionNotify_atSentWebMessage
 0001:0004AD94       CallExceptionActionNotify_atShowedExceptionInfo
 0001:0004AD80       CallExceptionActionNotify_atShowingExceptionInfo
 0001:00044FB0       CallExceptionActionNotify_atTerminating
 0001:0003DC48       CallExceptionErrorNotify
 0001:0004AB60       CallExceptionErrorNotify_atSavedLogFile
 0001:000484AC       CallExceptionErrorNotify_atSentEmail
 0001:000484C0       CallExceptionErrorNotify_atSentWebMessage
 0001:0003DB24       CallExceptionNotify
 0001:0003DEC4       CallModule_PasswordRequestEvent
 0001:0000690C       CallNextHookEx
 0001:0003DD08       CallPasswordRequest
 0001:0003F1DC       CallStackByAddresses
 0001:00041F04       CallStackDialogProc
 0001:0000DEC0       CallTerminateProcs
 0001:00006914       CallWindowProc
 0001:0004ADA8       CallWriteIntraWebText
 0001:0004F1B8       Call_HookedExceptionObject
 0001:0004F0F8       Call_HookedRaise
 0001:0004F238       Call_HookedRtlUnwind
 0002:00006019       CanAttachScreenshot
 0002:00006015       CanAttachScreenshot_Show
 0001:000E8AFC       CanBlockRead
 0001:0006EE98       CancelDrag
 0001:000C57AC       CancelNestedDataSets
 0002:0000601A       CanCopy
 0002:00006016       CanCopy_Show
 0001:0003DF78       CanExit
 0002:00005FDD       CanHookLibraries
 0002:000022B0       CannotProcessMessagesExceptions
 0001:0004D7B8       CanPauseThisThread
 0001:000F8C2C       CanPrint
 0002:00006014       CanSendEmail_Show
 0002:00006018       CanSendMessage
 0002:00006017       CanSupport_Show
 0001:000AD26C       CanUseShort
 0002:000067E8       CanvasList
 0002:0000694C       CanvasList
 0002:00006104       CaptionFontName
 0002:00002754       Captions
 0002:00006318       CAPTION_HEIGHT
 0002:000028C4       CaptureControl
 0001:000A2F4C       CaretPos
 0002:0000214C       cBase64Codec
 0002:00002968       cBooleanToItemAutoFlag
 0002:00000494       CBooleanToRelationship
 0002:00003D50       CBRetCode
 0001:00067CFC       CenterWindow
 0001:000FAC6C       CenterWindow
 0002:000068DA       CF_COMPONENT
 0002:000068D8       CF_PICTURE
 0002:00005FA4       CGIHandleException
 0002:00005F54       CGIOutputFile
 0002:00005870       ChangeAnyProc
 0001:0006D450       ChangeBiDiModeAlignment
 0001:00008B14       ChangeFileExt
 0001:0000F8C0       ChangeSourceAny
 0002:00002660       CharCases
 0001:00003AC8       CharFromWChar
 0001:00107B34       CharHeight
 0001:0000D338       CharLength
 0001:0000691C       CharLowerBuff
 0001:00006924       CharNext
 0001:0000034C       CharNext
 0001:00053E00       CharsetToIdent
 0001:0000D24C       CharToByteIndex
 0001:0000D2B0       CharToByteLen
 0001:0000692C       CharToOem
 0001:00006934       CharToOemBuff
 0001:0000693C       CharUpperBuff
 0001:00107B00       CharWidth
 0001:000E2FC8       Check
 0001:0005654C       CheckBool
 0001:00024CCC       CheckDirectoryExists
 0001:0003118C       CheckError
 0001:00027D28       CheckFail
 0001:000D4E1C       CheckForPassthroughs
 0001:0003C154       CheckForResult
 0001:000EA984       CheckIfParentScrolled
 0001:000E218C       CheckIndexOpen
 0001:0002467C       CheckIntoIDE
 0001:00002F30       CheckJmp
 0001:00006944       CheckMenuItem
 0001:000C4588       CheckNestedBrowseMode
 0002:000029B8       Checks
 0001:000AB348       CheckSqlTimeStamp
 0001:00020948       CheckSynchronize
 0001:00088150       CheckTaskWindow
 0001:00011898       CheckType
 0001:00010CDC       CheckType
 0001:0006EB4C       CheckUndock
 0002:00000490       CInvalidCustomVariantType
 0002:0000296C       cItemAutoFlagToBoolean
 0002:00002964       cItemAutoFlagToMenu
 0001:0002280C       Classes
 0001:00017E10       ClassNotFound
 0002:00003C6C       Class_SMClient
 0002:0000586C       ClearAnyProc
 0001:000536D0       ClearColor
 0001:0002FD54       ClearDirRec
 0001:000B0DF0       ClearExcepInfo
 0001:00039BF0       ClearInternalError
 0001:000D4468       ClearSelection
 0001:00012CB4       ClearVariantTypeList
 0001:000365EC       ClickOnSign
 0001:0000694C       ClientToScreen
 0001:00078780       ClientToWindow
 0001:00069FAC       Clipboard
 0002:000025D8       ClipboardFormats
 0001:0006A064       Clipbrd
 0001:00006954       CloseClipboard
 0001:000065FC       CloseEnhMetaFile
 0001:000002EC       CloseHandle
 0001:000061B4       CloseHandle
 0001:0003D024       CloseLogFile
 0001:0005DAEC       ClosePrinter
 0001:00047024       CloseSendDialog
 0001:00026E10       closesocket
 0002:00005FAC       CLXHandleException
 0002:00005FB0       CLXShowException
 0002:00005040       CmdLine
 0002:0000503C       CmdShow
 0002:00002960       cMenuAutoFlagToItem
 0002:00002D24       CoAddRefServerProcess
 0001:00015910       CoCreateInstance
 0002:00002D1C       CoCreateInstanceEx
 0001:00015908       CoGetClassObject
 0002:00002D34       CoInitFlags
 0001:000158F8       CoInitialize
 0002:00002D20       CoInitializeEx
 0002:0000232C       ColIdx
 0001:00018710       CollectionsEqual
 0002:00002370       Colors
 0001:00053BF8       ColorToIdent
 0001:00053BE8       ColorToRGB
 0002:000062C8       ColWidths
 0001:00006604       CombineRgn
 0002:00006A64       ComClassManagerVar
 0001:000B0144       ComConst
 0002:000067FC       ComCtl32DLL
 0002:00006A14       ComCtlVersion
 0001:0009F5E8       ComCtrls
 0002:00006990       CommandPool
 0001:0005C2AC       CommCtrl
 0001:00064D0C       CommDlg
 0001:000007F8       Commit
 0002:00005624       committedRoot
 0001:00046004       CommonSaveToStream
 0001:000B10B8       ComObj
 0001:000AC6C8       CompareDigits
 0001:0003E328       CompareEurekaFunctions
 0001:000A2CA8       CompareExtents
 0001:0008053C       CompareFront
 0001:00008200       CompareMem
 0001:0003A868       CompareModulesFunctions
 0001:000AE0F4       CompareNormalizedFractions
 0001:000081D0       CompareStr
 0001:000061BC       CompareString
 0001:00008220       CompareText
 0001:0004A430       CompleteIP
 0001:0004AA38       CompleteStr
 0001:0001C824       ComponentCreated
 0001:0002EBB4       Compress
 0001:0005631C       ComputeAldusChecksum
 0001:00026A30       ComputerName
 0001:000495E8       ComputerName
 0001:00092F90       ComStrs
 0001:000EC43C       ConcatField
 0001:00026E18       connect
 0001:00052330       Consts
 0001:0005C114       Contnrs
 0002:0000690A       ControlAtom
 0002:00006910       ControlAtomString
 0001:0008CF04       ControlHasHelp
 0001:0007BF80       Controls
 0001:0000C580       ConvertAddr
 0001:00023F4C       ConvertAddress
 0001:0000ABA0       ConvertEraString
 0001:00008098       ConvertError
 0001:000080B0       ConvertErrorFmt
 0001:00032CD8       ConvertNotDosText
 0001:0000AD08       ConvertYearString
 0001:0000500C       CopyArray
 0001:000590F8       CopyBitmap
 0001:000597C0       CopyBitmapAsMask
 0001:000AED64       CopyByte
 0001:0000660C       CopyEnhMetaFile
 0001:00095194       CopyImage
 0001:00006EEC       CopyMemory
 0001:0005975C       CopyPalette
 0001:0000695C       CopyRect
 0001:000834EC       CopyToBest
 0002:00002D28       CoReleaseServerProcess
 0002:00002D2C       CoResumeClassObjects
 0002:00002D30       CoSuspendClassObjects
 0001:00015900       CoUninitialize
 0001:0000D1BC       CountChars
 0002:000067C4       CounterLock
 0001:00042E1C       CPUDialogProc
 0001:0003800C       CPUToRTF
 0002:00004158       cQRBandComponentName
 0002:00006C1C       cqrBandFrameColor
 0002:00006C18       cqrBandFrameStyle
 0002:0000412C       cQRBandTypeName
 0002:0000407C       cQRBinTranslate
 0002:00006C14       cqrMarginColor
 0002:00006C10       cqrMarginStyle
 0002:00003E04       cQRPaperSizeMetrics
 0002:0000400C       cQRPaperTranslate
 0002:00006C08       cqrRulerFontColor
 0002:00006BE8       cqrRulerFontName
 0002:00006C0C       cqrRulerFontSize
 0002:00006BE4       cqrRulerMajorColor
 0002:00006BDD       cqrRulerMajorStyle
 0002:00006BE0       cqrRulerMinorColor
 0002:00006BDC       cqrRulerMinorStyle
 0002:00005A88       crc_table
 0002:0000218C       crc_table_computed
 0001:00045AC4       Create8bitBitmap
 0001:0000CB08       CreateAssertException
 0001:0000CC90       CreateAVObject
 0001:00006614       CreateBitmap
 0001:0000661C       CreateBrushIndirect
 0001:00006624       CreateCompatibleBitmap
 0001:0000662C       CreateCompatibleDC
 0001:0001C8A4       CreateComponent
 0001:00006634       CreateDC
 0001:00006FE4       CreateDialog
 0001:0003F978       CreateDialogFonts
 0001:00006964       CreateDialogParam
 0001:00006644       CreateDIBitmap
 0001:0000663C       CreateDIBSection
 0001:00009058       CreateDir
 0001:000061C4       CreateDirectory
 0001:0000664C       CreateEnhMetaFile
 0001:000061CC       CreateEvent
 0001:000061D4       CreateFile
 0001:000002F4       CreateFileA
 0001:000061DC       CreateFileMapping
 0001:00006654       CreateFont
 0001:0000665C       CreateFontIndirect
 0001:0004ADB4       CreateGeneralText
 0001:0002FB44       CreateGZipFile
 0001:00006664       CreateHalftonePalette
 0001:0003B4B8       CreateHTMLByLayout
 0001:0003D5D0       CreateHTMLFile
 0001:0000666C       CreateIC
 0001:0000696C       CreateIcon
 0001:0000CA34       CreateInOutError
 0001:0004BD04       CreateLogText
 0001:00006974       CreateMenu
 0001:00069100       CreateMessageDialog
 0001:000061EC       CreateMutexA
 0001:00029494       CreateMXQuery
 0001:000456E4       CreateOctreeNode
 0001:00006674       CreatePalette
 0001:0000667C       CreatePenIndirect
 0001:0000697C       CreatePopupMenu
 0001:0000620C       CreateProcess
 0001:00006684       CreateRectRgn
 0001:0000668C       CreateRectRgnIndirect
 0001:00006694       CreateSolidBrush
 0001:00015930       CreateStreamOnHGlobal
 0001:00055B14       CreateSystemPalette
 0001:0003B890       CreateTemplateFile
 0001:000484D4       CreateTGZFile
 0001:00000354       CreateThread
 0001:00006214       CreateThread
 0001:00040718       CreateThreadStr
 0001:00047F94       CreateTmpLogFile
 0001:000385AC       CreateVirtualFile
 0001:00006FB0       CreateWindow
 0001:00006984       CreateWindowEx
 0001:0003D69C       CreateXMLLogCopy
 0002:00002804       CreationControl
 0002:00003DC4       CreationControl
 0002:000026F0       CreationControl
 0002:000004A4       CRelationshipToBoolean
 0002:00000934       CriticalError
 0002:000022CC       CriticalExceptObject
 0002:00006B14       CSAnsiToNative
 0002:000026C8       CSHREDRAW
 0002:00000124       cSimpleBoolStrs
 0002:00006AFC       CSNativeToAnsi
 0002:00002B90       Ctl3DStyles
 0002:00002900       Ctl3DStyles
 0001:000A2F18       Ctrl
 0002:0000561C       curAlloc
 0002:00005738       CurrencyDecimals
 0002:00005734       CurrencyFormat
 0002:00005730       CurrencyString
 0002:00005FD8       CurrentCPUErrorText
 0002:00006068       CurrentDialog
 0001:0005023C       CurrentEurekaLogOptions
 0002:00005FD4       CurrentGeneralErrorText
 0002:00005F50       CurrentOptions
 0002:00006080       CurrentProcessWindowsList
 0002:00006038       CurrentRequestValue
 0002:000022BC       CurrentStackList
 0001:0000AA38       CurrentYear
 0001:000AEC40       CurrToBCD
 0001:0000A284       CurrToStr
 0001:0000A2EC       CurrToStrF
 0002:00002AE8       CursorMap
 0002:00002814       Cursors
 0001:0006D74C       CursorToIdent
 0002:00002AD8       cUseAlpha
 0002:00002AE0       cUseColorKey
 0001:00043024       CustomDataDialogProc
 0002:00005EEC       CustomDataRequest
 0002:00006004       CustomExceptMessage
 0002:00005EF4       CustomFieldsRequest
 0002:00002C5C       CustomizeStyles
 0002:00005A68       CV
 0002:0000031C       CVarTypeToElementInfo
 0002:00002D10       CWNear
 0002:00000164       CWNear
 0002:000026D0       Data
 0001:000B6D4C       DatabaseError
 0001:000B6DF8       DatabaseErrorFmt
 0001:00107AE4       DataSetOK
 0002:00003D9C       DataType
 0002:00003CF0       DataTypeMap
 0001:0000A988       Date
 0002:00005739       DateSeparator
 0001:000C4020       DateTimeToNative
 0001:000AB278       DateTimeToSQLTimeStamp
 0001:0000B62C       DateTimeToStr
 0001:0000B5A0       DateTimeToString
 0001:0000A44C       DateTimeToTimeStamp
 0001:0000B5FC       DateToStr
 0001:000AA0F0       DateUtils
 0001:0000A960       DayOfWeek
 0002:00002310       Days
 0001:000AA088       DaysInAMonth
 0001:000C66F4       DB
 0002:00006A88       DBApplication
 0001:000DBB5C       DBCommon
 0001:000AA368       DBConsts
 0001:000CEA9C       DBCtrls
 0001:000D77F8       DBGrids
 0002:0000607C       DbgSection
 0001:000DE276       DbiAcqPersistTableLock
 0001:000DE288       DbiAcqTableLock
 0001:000DDB86       DbiActivateFilter
 0001:000DD4DE       DbiAddAlias
 0001:000DD448       DbiAddDriver
 0001:000DDB92       DbiAddFilter
 0001:000DE0AE       DbiAddIndex
 0001:000DE23A       DbiAddPassword
 0001:000DD760       DbiAnsiToNative
 0001:000DE054       DbiAppendRecord
 0001:000DD58C       DbiApplyDelayedUpdates
 0001:000DDB74       DbiBatchMove
 0001:000DD730       DbiBcdFromFloat
 0001:000DD736       DbiBcdToFloat
 0001:000DD3DC       DbiBeginConstraintLayer
 0001:000DD598       DbiBeginDelayedUpdates
 0001:000DE2C4       DbiBeginLinkMode
 0001:000DDB62       DbiBeginTran
 0001:000DDF58       DbiCfgAddRecord
 0001:000DDF70       DbiCfgBuildPath
 0001:000DDF4C       DbiCfgDropRecord
 0001:000DDF40       DbiCfgGetHelp
 0001:000DDF64       DbiCfgGetNextNode
 0001:000DDF5E       DbiCfgGetRecord
 0001:000DDF3A       DbiCfgMerge
 0001:000DDF52       DbiCfgModifyRecord
 0001:000DDF6A       DbiCfgPosition
 0001:000DDF76       DbiCfgSave
 0001:000DDF46       DbiCfgTranslate
 0001:000DDFE8       DbiCheckRefresh
 0001:000DD3C4       DbiCheckSQLExpression
 0001:000DE0DE       DbiCloneCursor
 0001:000DD77E       DbiCloseConfigFile
 0001:000DE38A       DbiCloseCursor
 0001:000DE3A2       DbiCloseDatabase
 0001:000DD6E2       DbiCloseFieldXlt
 0001:000DE108       DbiCloseIndex
 0001:000DE240       DbiCloseSession
 0001:000DE0E4       DbiCompareBookMarks
 0001:000DE04E       DbiCompareKeys
 0001:000DE0C0       DbiCopyTable
 0001:000DE2D6       DbiCreateInMemTable
 0001:000DE0C6       DbiCreateTable
 0001:000DE024       DbiCreateTempTable
 0001:000DD3AC       DbiDatabaseFlush
 0001:000DE114       DbiDateDecode
 0001:000DE11A       DbiDateEncode
 0001:000DDB80       DbiDeactivateFilter
 0001:000DDF10       DbiDebugLayerOptions
 0001:000DD4C6       DbiDeleteAlias
 0001:000DD442       DbiDeleteDriver
 0001:000DE0A8       DbiDeleteIndex
 0001:000DE348       DbiDeleteRecord
 0001:000DE0B4       DbiDeleteTable
 0001:000DF7C9       DbiDLLExit
 0001:000DE090       DbiDoRestructure
 0001:000DD46C       DbiDRAdd
 0001:000DD562       DbiDRAddAttr
 0001:000DD57A       DbiDRClose
 0001:000DD4FC       DbiDRCreate
 0001:000DD4C0       DbiDRCreateEnumAttrDomain
 0001:000DD568       DbiDRCreateObjectType
 0001:000DD556       DbiDRCreateRelationType
 0001:000DD4F6       DbiDRDelete
 0001:000DD4B4       DbiDRDeleteEnumAttrDomain
 0001:000DD54A       DbiDRDeleteObjectType
 0001:000DD550       DbiDRDeleteRelationType
 0001:000DD466       DbiDRDrop
 0001:000DD55C       DbiDRDropAttr
 0001:000DD56E       DbiDRExportToFile
 0001:000DD52C       DbiDRGetAttrDescs
 0001:000DD586       DbiDRGetDesc
 0001:000DD4AE       DbiDRGetEnumAttrDomain
 0001:000DD514       DbiDRGetObjID
 0001:000DD532       DbiDRGetObjTypeInfo
 0001:000DD472       DbiDRGetRelatedObject
 0001:000DD526       DbiDRGetRelTypeInfo
 0001:000DD574       DbiDRImportFromFile
 0001:000DD502       DbiDRLoadDBObject
 0001:000DD4BA       DbiDRModifyEnumAttrDomain
 0001:000DD580       DbiDROpen
 0001:000DD53E       DbiDROpenAttrTypeList
 0001:000DD544       DbiDROpenObjectTypeList
 0001:000DD520       DbiDROpenObjSet
 0001:000DD51A       DbiDROpenRelSet
 0001:000DD538       DbiDROpenRelTypeList
 0001:000DDB8C       DbiDropFilter
 0001:000DE234       DbiDropPassword
 0001:000DD50E       DbiDRSetToObjID
 0001:000DD508       DbiDRSetToObjName
 0001:000DE06C       DbiEmptyTable
 0001:000DD3CA       DbiEndConstraintLayer
 0001:000DD592       DbiEndDelayedUpdates
 0001:000DE2BE       DbiEndLinkMode
 0001:000DDB5C       DbiEndTran
 0001:000E2FB0       DbiError
 0001:000DF749       DbiExit
 0001:000DE0F6       DbiExtractKey
 0001:000DE258       DbiForceRecordReread
 0001:000DE264       DbiForceReread
 0001:000DE018       DbiFormFullName
 0001:000DE1A4       DbiFreeBlob
 0001:000DD634       DbiFreeSQLRequest
 0001:000DE1B6       DbiGetBlob
 0001:000DE19E       DbiGetBlobHeading
 0001:000DE1BC       DbiGetBlobSize
 0001:000DE0F0       DbiGetBookMark
 0001:000DDFE2       DbiGetCallBack
 0001:000DDBB6       DbiGetClientInfo
 0001:000DE246       DbiGetCurrSession
 0001:000DE25E       DbiGetCursorForTable
 0001:000DE396       DbiGetCursorProps
 0001:000DE204       DbiGetDatabaseDesc
 0001:000DDF34       DbiGetDateFormat
 0001:000DD48A       DbiGetDefaultRepository
 0001:000DE32A       DbiGetDirectory
 0001:000DE210       DbiGetDriverDesc
 0001:000DE00C       DbiGetErrorContext
 0001:000DE006       DbiGetErrorEntry
 0001:000DE03C       DbiGetErrorInfo
 0001:000DE012       DbiGetErrorString
 0001:000DDB0E       DbiGetExactRecordCount
 0001:000DE126       DbiGetField
 0001:000DE390       DbiGetFieldDescs
 0001:000DE1EC       DbiGetFieldTypeDesc
 0001:000DD6F4       DbiGetFilterInfo
 0001:000DE0FC       DbiGetIndexDesc
 0001:000DD772       DbiGetIndexDescs
 0001:000DE0A2       DbiGetIndexForField
 0001:000DE09C       DbiGetIndexSeqNo
 0001:000DE1E0       DbiGetIndexTypeDesc
 0001:000DDB9E       DbiGetLdName
 0001:000DDB3E       DbiGetLdNameFromDb
 0001:000DE030       DbiGetLdObj
 0001:000DE2AC       DbiGetLinkStatus
 0001:000DE174       DbiGetNetUserName
 0001:000DE372       DbiGetNextRecord
 0001:000DDF1C       DbiGetNumberFormat
 0001:000DD74E       DbiGetObjFromName
 0001:000DD700       DbiGetObjFromObj
 0001:000DE36C       DbiGetPriorRecord
 0001:000DD75A       DbiGetProp
 0001:000DE366       DbiGetRecord
 0001:000DE35A       DbiGetRecordCount
 0001:000DE048       DbiGetRecordForKey
 0001:000DE360       DbiGetRelativeRecord
 0001:000DD6B8       DbiGetRintDesc
 0001:000DE342       DbiGetSeqNo
 0001:000DE17A       DbiGetSesInfo
 0001:000DD63A       DbiGetSQLRequest
 0001:000DE18C       DbiGetSysConfig
 0001:000DE186       DbiGetSysInfo
 0001:000DE192       DbiGetSysVersion
 0001:000DE1C8       DbiGetTableOpenCount
 0001:000DE1F8       DbiGetTableTypeDesc
 0001:000DDF28       DbiGetTimeFormat
 0001:000DDB56       DbiGetTranInfo
 0001:000DD6BE       DbiGetVchkDesc
 0001:000DD43C       DbiImportODBC
 0001:000DBB6C       DbiInit
 0001:000DF64E       DbiInitFn
 0001:000DE0D8       DbiInitRecord
 0001:000DE354       DbiInsertRecord
 0001:000DE2A6       DbiIsRecordLocked
 0001:000DE2A0       DbiIsTableLocked
 0001:000DE29A       DbiIsTableShared
 0001:000DE2B8       DbiLinkDetail
 0001:000DE294       DbiLinkDetailToExp
 0001:000DE1CE       DbiLoadDriver
 0001:000DD76C       DbiMakePermanent
 0001:000DE34E       DbiModifyRecord
 0001:000DD766       DbiNativeToAnsi
 0001:000DE1C2       DbiOpenBlob
 0001:000DD78A       DbiOpenCfgInfoList
 0001:000DD784       DbiOpenConfigFile
 0001:000DE3A8       DbiOpenDatabase
 0001:000DE20A       DbiOpenDatabaseList
 0001:000DE216       DbiOpenDriverList
 0001:000DE2F4       DbiOpenFamilyList
 0001:000DE30C       DbiOpenFieldList
 0001:000DE1F2       DbiOpenFieldTypesList
 0001:000DD6D0       DbiOpenFieldXlt
 0001:000DE318       DbiOpenFileList
 0001:000DD4EA       DbiOpenFunctionArgList
 0001:000DD4F0       DbiOpenFunctionList
 0001:000DE10E       DbiOpenIndex
 0001:000DE312       DbiOpenIndexList
 0001:000DE1E6       DbiOpenIndexTypesList
 0001:000DE306       DbiOpenLdList
 0001:000DE228       DbiOpenLockList
 0001:000DD3BE       DbiOpenNestedTable
 0001:000DD3B2       DbiOpenRef
 0001:000DD496       DbiOpenRepositoryList
 0001:000DE2FA       DbiOpenRintList
 0001:000DE2DC       DbiOpenSecurityList
 0001:000DD478       DbiOpenSessionRepository
 0001:000DD65E       DbiOpenSPList
 0001:000DD658       DbiOpenSPParamList
 0001:000DE39C       DbiOpenTable
 0001:000DE31E       DbiOpenTableList
 0001:000DE1FE       DbiOpenTableTypesList
 0001:000DE22E       DbiOpenUserList
 0001:000DE300       DbiOpenVchkList
 0001:000DE072       DbiPackTable
 0001:000DE1B0       DbiPutBlob
 0001:000DE120       DbiPutField
 0001:000DE138       DbiQAlloc
 0001:000DE150       DbiQExec
 0001:000DE15C       DbiQExecDirect
 0001:000DD646       DbiQExecProcDirect
 0001:000DE13E       DbiQFree
 0001:000DE132       DbiQGetBaseDescs
 0001:000DE144       DbiQInstantiateAnswer
 0001:000DE156       DbiQPrepare
 0001:000DD640       DbiQPrepareExt
 0001:000DD652       DbiQPrepareProc
 0001:000DE14A       DbiQSetParams
 0001:000DD64C       DbiQSetProcParams
 0001:000DE2D0       DbiReadBlock
 0001:000DE066       DbiRegenIndex
 0001:000DE060       DbiRegenIndexes
 0001:000DE12C       DbiRegisterCallBack
 0001:000DE270       DbiRelPersistTableLock
 0001:000DE27C       DbiRelRecordLock
 0001:000DE282       DbiRelTableLock
 0001:000DE0BA       DbiRenameTable
 0001:000DE336       DbiResetRange
 0001:000DE26A       DbiSaveChanges
 0001:000DD460       DbiSchemaCacheFlush
 0001:000DE24C       DbiSetCurrSession
 0001:000DDF2E       DbiSetDateFormat
 0001:000DD490       DbiSetDefaultRepository
 0001:000DE324       DbiSetDirectory
 0001:000DE042       DbiSetFieldMap
 0001:000DE21C       DbiSetLockRetry
 0001:000DDF16       DbiSetNumberFormat
 0001:000DE222       DbiSetPrivateDir
 0001:000DD754       DbiSetProp
 0001:000DE33C       DbiSetRange
 0001:000DDF22       DbiSetTimeFormat
 0001:000DE384       DbiSetToBegin
 0001:000DE0EA       DbiSetToBookMark
 0001:000DE378       DbiSetToCursor
 0001:000DE37E       DbiSetToEnd
 0001:000DE330       DbiSetToKey
 0001:000DE096       DbiSetToRecordNo
 0001:000DE0D2       DbiSetToSeqNo
 0001:000DDB50       DbiSortTable
 0001:000DD3E8       DbiSQLTextToCanEx
 0001:000DE252       DbiStartSession
 0001:000DE102       DbiSwitchToIndex
 0001:000DE084       DbiTimeDecode
 0001:000DE08A       DbiTimeEncode
 0001:000DE078       DbiTimeStampDecode
 0001:000DE07E       DbiTimeStampEncode
 0001:000DD6E8       DbiTranslateField
 0001:000DD6EE       DbiTranslateRecordStructure
 0001:000DE1AA       DbiTruncateBlob
 0001:000DDBAA       DbiUndeleteRecord
 0001:000DE2B2       DbiUnlinkDetail
 0001:000DE02A       DbiUseIdleTime
 0001:000DD6D6       DbiValidateProp
 0001:000DE0CC       DbiVerifyField
 0001:000DE2CA       DbiWriteBlock
 0001:000C6F08       DBLogDlg
 0001:000C7458       DBPWDlg
 0002:00006A84       DBScreen
 0001:000EFA8C       DBTables
 0001:000C9E3C       DBUseRightToLeftAlignment
 0002:00000160       DCon10
 0002:0000236C       DDBsOnly
 0001:0002273C       DeallocateHWnd
 0002:00000018       DebugHook
 0002:00005737       DecimalSeparator
 0001:000125D8       DecIndices
 0001:0000A8D0       DecodeDate
 0001:0000A784       DecodeDateFully
 0001:0000A5F4       DecodeTime
 0001:0000088C       Decommit
 0001:00000EA8       DecommitFree
 0002:000055F8       decommittedRoot
 0001:0002F770       Decrypt
 0001:000901C8       Default
 0001:0008AC58       Default
 0002:00000010       Default8087CW
 0002:00002C68       DefaultBlank
 0002:00002808       DefaultDockTreeClass
 0002:00002D4C       DefaultFieldClasses
 0001:000E2184       DefaultSession
 0002:00000024       DefaultTextLineBreakStyle
 0002:000025A8       DefBrushData
 0002:00002340       DefFontData
 0001:0000698C       DefFrameProc
 0001:0002A3CC       deflate
 0001:0002A684       deflateEnd
 0001:00029A88       DeflateInit
 0001:00029E94       deflateInit_
 0002:000001F0       DefLongDayNames
 0002:000001A4       DefLongMonthNames
 0001:00006994       DefMDIChildProc
 0002:00002588       DefPenData
 0002:000001D4       DefShortDayNames
 0002:00000174       DefShortMonthNames
 0001:0000699C       DefWindowProc
 0001:00005378       DelayLoadResourceModule
 0001:00000548       DeleteBlock
 0001:0000621C       DeleteCriticalSection
 0001:000004B8       DeleteCriticalSection
 0001:0000669C       DeleteDC
 0001:000066A4       DeleteEnhMetaFile
 0001:00048640       DeleteExtraFiles
 0001:00006224       DeleteFile
 0001:00008A7C       DeleteFile
 0001:00000CF0       DeleteFree
 0001:000069A4       DeleteMenu
 0001:000066AC       DeleteObject
 0001:000D485C       DeletePrompt
 0001:000455F8       DeleteTree
 0001:00038738       DeleteVirtualFile
 0001:00058CB4       DeselectBitmap
 0001:000069AC       DestroyCursor
 0001:0003FB80       DestroyDialogFonts
 0001:000069B4       DestroyIcon
 0001:000952C4       DestroyLocals
 0001:000069BC       DestroyMenu
 0001:000069C4       DestroyWindow
 0002:00006308       DetailsActive
 0001:00040F04       DetailsState
 0001:0005DAF4       DeviceCapabilities
 0001:000069CC       DialogBoxParam
 0001:0006AC18       DialogEnumerationTester
 0002:00006314       DialogHeight
 0001:00067DB0       DialogHook
 0001:000FACBC       DialogHook
 0001:00069970       Dialogs
 0002:000025E4       DIBPalSizes
 0002:00000080       dig
 0002:00002FD8       Direction
 0001:0003B86C       DirectoryExists
 0001:00087FA4       DisableTaskWindows
 0001:000B0804       DispatchInvoke
 0001:000B0DE4       DispatchInvokeError
 0001:000069D4       DispatchMessage
 0001:0008E16C       DispatchShortCut
 0001:000B0E00       DispCall
 0001:000B0EE4       DispCallByID
 0002:00005000       DispCallByIDProc
 0001:000B0D10       DispCallError
 0002:00003DE8       DispIDArgs
 0001:000B6ECC       DisposeMem
 0002:00003DD8       DispParams
 0001:0000807C       DivMod
 0001:000674A0       Dlgs
 0001:0003F630       DlgTemplate
 0001:000E2A50       DLLDetachCallBack
 0002:00005A50       DllList
 0002:00006B38       dmLib
 0001:000EFCA0       dmLibU
 0001:000734D0       DoAlign
 0001:0008F488       DoAlign
 0001:000C36FC       DoBindFields
 0001:000A4C60       DoCalc
 0001:000775B4       DoCalcConstraints
 0001:000A4CC8       DoCalcRightToLeft
 0001:000A5450       DoChange
 0002:00006940       DockSiteList
 0001:0008410C       DoClick
 0001:000A3DCC       DoColWidths
 0001:00074BE0       DoControlMsg
 0001:0005DAFC       DocumentProperties
 0001:00087F54       DoDisableWindow
 0001:0006E478       DoDragOver
 0001:000080F4       DoExitProc
 0001:000794B0       DoFindControlZone
 0001:00088090       DoFindWindow
 0001:00079A3C       DoFindZone
 0001:00079534       DoForEach
 0001:0007AE40       DoGetNextLimit
 0001:000298D8       Done
 0001:000281FC       Done
 0001:00026D48       Done
 0001:00051C4C       Done
 0001:00087F1C       DoneApplication
 0001:00050CC0       DoneCheckFreeze
 0001:0007BCA8       DoneControls
 0001:0000CFBC       DoneExceptions
 0001:00030E1C       DoneLib
 0001:0008C560       DoNestedActivation
 0001:0008F2D8       DoPosition
 0001:000730A4       DoPosition
 0001:0007A468       DoPrune
 0001:000660D4       DoRect
 0001:000A3E10       DoRowHeights
 0001:0007A940       DoSaveZone
 0001:000D449C       DoSelection
 0001:0007AB44       DoSetNewBounds
 0001:000A3874       DoSizeAdjust
 0002:00002D14       Dot
 0002:000004C0       DotSep
 0001:000A6B68       DoUpdate
 0002:00002C3C       DownMessage
 0002:00002BCC       DownStyles
 0001:00019CAC       DoWrite
 0001:000578FC       DoWrite
 0001:000567A4       DoWrite
 0001:0007EDE4       DoWrite
 0001:000741C8       DoWriteDesignSize
 0001:00022348       DoWriteHeight
 0001:000222E0       DoWriteHorizontalOffset
 0001:00071B68       DoWriteIsControl
 0001:00022314       DoWriteVerticalOffset
 0001:000222B8       DoWriteWidth
 0002:00006924       DragCapture
 0002:00006918       DragControl
 0001:0006EBC0       DragDone
 0001:0006E428       DragFindTarget
 0001:0006E3FC       DragFindWindow
 0002:0000693C       DragImageList
 0001:0006E818       DragInit
 0001:0006E988       DragInitControl
 0002:00006920       DragInternalObject
 0001:0006E35C       DragMessage
 0002:0000691C       DragObject
 0002:00006948       DragSave
 0002:00006930       DragSaveCursor
 0002:00006928       DragStartPos
 0002:00006934       DragThreshold
 0001:0006E548       DragTo
 0001:00090204       DrawAppIcon
 0001:000A41B8       DrawAxisLines
 0002:00006AA4       DrawBitmap
 0001:00035DB0       DrawBmp
 0001:00036934       DrawBottom
 0001:000A4430       DrawCells
 0001:00079FD4       DrawCloseButton
 0001:000069DC       DrawEdge
 0001:000069E4       DrawFocusRect
 0001:000368C0       DrawFrame
 0001:000069EC       DrawFrameControl
 0001:0007A02C       DrawGrabberLine
 0001:000069F4       DrawIcon
 0001:000069FC       DrawIconEx
 0002:0000293C       DrawingStyles
 0001:000369DC       DrawItem
 0001:00036988       DrawLine
 0001:000A43A0       DrawLines
 0001:00006A04       DrawMenuBar
 0001:000854F4       DrawMenuItem
 0001:0004357C       DrawSupportLink
 0001:00006A0C       DrawText
 0001:000D3750       DrawTitleCell
 0001:000DD3D6       DsProviderGetDataPacket
 0001:000DD3D0       DsResolver
 0001:000555E4       DupBits
 0002:0000601B       DuplicatedException
 0001:0000622C       DuplicateHandle
 0001:00012584       DynArrayBounds
 0001:00005024       DynArrayClear
 0001:000124FC       DynArrayDim
 0001:000124E0       DynArrayElTypeInfo
 0001:000129D8       DynArrayFromVariant
 0001:000124A0       DynArrayIndex
 0001:0000502C       DynArraySetLength
 0001:00012514       DynArraySize
 0001:000126C4       DynArrayToVariant
 0001:00012644       DynArrayVariantBounds
 0001:0001269C       DynArrayVarType
 0001:0002FA0C       EBase64
 0001:00023D70       EConsts
 0001:00026DA0       ECore
 0001:000E30C8       EDBEngineError.Create
 0001:000E33E4       EDBEngineError.Destroy
 0001:000E3438       EDBEngineError.GetError
 0002:00002A28       EdgeStyle
 0002:000028F0       EdgeStyles
 0001:00110E74       Edit
 0001:0002F864       EEncrypt
 0001:0000CA08       EHeapException.FreeInstance
 0001:000282F8       EHook
 0001:0003306C       ElaborateString
 0001:000312E8       ElaborateURL
 0001:000283E4       ELang
 0001:00036FF4       EListView
 0001:000066B4       Ellipse
 0001:00035CD8       ELogManager
 0001:00006A14       EmptyClipboard
 0002:00006B9C       EmptyParam
 0002:00005858       EmptyParam
 0002:000000A8       EmptyStr
 0002:000000AC       EmptyWideStr
 0002:00000584       EMsgs
 0001:00006A1C       EnableMenuItem
 0002:000029C0       Enables
 0001:00006A24       EnableScrollBar
 0001:00088058       EnableTaskWindows
 0001:00006A2C       EnableWindow
 0001:0004551C       Encode
 0001:0000A754       EncodeDate
 0002:00002280       EncodedChars
 0001:0000A5B4       EncodeTime
 0001:000480F8       EncodeURL
 0001:00006A34       EndDialog
 0001:000066BC       EndDoc
 0001:000184DC       EndGlobalLoading
 0001:000D9F20       EndOfLiteral
 0001:000066C4       EndPage
 0001:00006A3C       EndPaint
 0001:000039A0       EndThread
 0002:00003D70       EndType
 0001:00006234       EnterCriticalSection
 0001:000004A8       EnterCriticalSection
 0001:0000623C       EnumCalendarInfoA
 0001:00006A44       EnumClipboardFormats
 0002:00006820       EnumDisplayMonitors
 0001:0000C1F4       EnumEraNames
 0001:0000C230       EnumEraYearOffsets
 0001:0008B154       EnumMonitorsProc
 0001:0005DB04       EnumPrinters
 0001:00005824       EnumResourceModules
 0001:0000582C       EnumResourceModules
 0001:0000872C       EnumStringModules
 0001:00006244       EnumSystemLocales
 0001:00006A4C       EnumThreadWindows
 0001:00006A54       EnumWindows
 0001:00039DD4       EnumWindowsProc
 0001:00039D4C       EnumWindowsProc
 0001:00024830       EnvironmentVariable
 0001:000B03D8       EOleException.Create
 0001:000B0308       EOleSysError.Create
 0001:00006A5C       EqualRect
 0002:00005800       EraNames
 0001:0000B8B8       EraToYear
 0002:0000581C       EraYearOffsets
 0002:00000078       errCaption
 0001:000DBB64       ErrCat
 0001:000179D4       Error
 0001:0000195C       Error
 0001:0001B990       Error
 0001:000464A8       Error
 0001:0008028C       Error
 0002:00000004       ErrorAddr
 0001:00001910       ErrorAt
 0001:000F0E84       ErrorCreate
 0001:0000CAB4       ErrorHandler
 0002:0000020C       ErrorMap
 0002:00005008       ErrorProc
 0002:000053E8       ErrOutput
 0002:000008B0       EShowOptions
 0001:00029938       ESockets
 0001:00030344       ETarGZip
 0001:000228A0       ETypes
 0001:000B6C78       EUpdateError.Create
 0001:000B6D1C       EUpdateError.Destroy
 0002:00000580       EurekaLogCurrentVersion
 0002:00006034       EurekaLogList
 0001:00046CC4       EurekaLogSendEmail
 0001:0003DF34       EurekaLog_PasswordRequestEvent
 0002:00000730       EVals
 0002:00002EA4       Events
 0001:00032584       EWebTools
 0001:000018B0       ExceptAddr
 0002:0000500C       ExceptClsProc
 0001:0000CF28       ExceptHandler
 0001:0000C834       Exception.Create
 0001:0000C870       Exception.CreateFmt
 0001:0000C9C0       Exception.CreateHelp
 0001:0000C8F0       Exception.CreateRes
 0001:0000C92C       Exception.CreateResFmt
 0002:00005EE0       ExceptionActionNotify
 0002:000060D4       ExceptionAddressText
 0002:0000501C       ExceptionClass
 0002:00005F24       ExceptionCriticalSection
 0001:0000C58C       ExceptionErrorMessage
 0002:00005EE4       ExceptionErrorNotify
 0001:00051F40       ExceptionLog
 0001:00050400       ExceptionManager
 0002:000060D0       ExceptionModuleText
 0002:000060DC       ExceptionMsgText
 0002:00005EDC       ExceptionNotify
 0002:00005F5C       ExceptionNumber
 0002:00006070       ExceptionsTime
 0002:00006074       ExceptionTime
 0001:0003BDCC       ExceptionTypeByAddr
 0002:000060D8       ExceptionTypeText
 0002:00000244       ExceptMap
 0001:0004EA50       ExceptNotify
 0001:00049270       ExceptNotifyAfter1
 0001:00049360       ExceptNotifyAfter2
 0001:00049374       ExceptNotifyAfter3
 0001:00001890       ExceptObject
 0002:00005010       ExceptObjProc
 0002:00005004       ExceptProc
 0001:000066CC       ExcludeClipRect
 0002:00000000       ExitCode
 0001:00003758       ExitDll
 0002:00005048       ExitProc
 0001:00000364       ExitProcess
 0002:00005028       ExitProcessProc
 0002:00000120       ExitProcList
 0001:0000624C       ExitThread
 0001:0000035C       ExitThread
 0001:00032B2C       EXMLBuilder
 0001:00006254       ExpandEnvironmentStrings
 0001:00008CF0       ExpandFileName
 0001:00046474       ExpandPath
 0001:00068088       ExplorerHook
 0001:0003E3AC       ExportedFunctions
 0001:00096208       ExtActns
 0001:000066D4       ExtCreatePen
 0001:0006744C       ExtCtrls
 0001:00096094       ExtDlgs
 0002:000026A8       ExtendSelects
 0001:000B6EF4       ExtractFieldName
 0001:00008BDC       ExtractFileDrive
 0001:00008CA8       ExtractFileExt
 0001:00068700       ExtractFileName
 0001:00008C70       ExtractFileName
 0001:00068748       ExtractFileNames
 0001:00008BA8       ExtractFilePath
 0001:00008D2C       ExtractFilePathNoDrive
 0001:0003D0F8       ExtractList
 0001:000AF980       ExtractLiterals
 0001:000AF5D4       ExtractMoneySymbol
 0001:00008DB8       ExtractRelativePath
 0001:0003CA6C       ExtractStr
 0001:00024400       ExtractStringsEx
 0001:00040550       ExtractThreadByList
 0001:00034044       ExtractValue
 0002:00003D88       Exts
 0001:000066DC       ExtTextOut
 0001:0002EB3C       EZLib
 0002:000060E8       fActive
 0002:000022D8       fActivePage
 0001:00010C4C       Failure
 0002:0000583C       FalseBoolStrs
 0001:0000625C       FatalAppExitA
 0002:000060EC       fCaptionFont
 0002:000068E0       FClipboard
 0002:00000154       FCon1E18
 0002:00002D0C       FConst10
 0002:00006AE4       FCSect
 0002:000060E0       fDlgBack
 0001:0005DC5C       FetchStr
 0002:000060F4       fFixedFont1
 0002:000060F8       fFixedFont2
 0002:00006B54       FGlobalEnvironment
 0001:000D4DC8       FieldIsMapped
 0002:00002DE4       FieldTypeNames
 0001:00008910       FileAge
 0001:00008908       FileClose
 0001:0000884C       FileCreate
 0001:00008870       FileCreate
 0001:00008FE0       FileDateToDateTime
 0001:00008978       FileExists
 0002:000025DC       FileFormats
 0002:0000000C       FileMode
 0001:00001E48       FileNOPProc
 0001:000087F0       FileOpen
 0001:00008878       FileRead
 0002:000004FC       FilerSignature
 0001:000088D0       FileSeek
 0001:00006264       FileTimeToDosDateTime
 0001:0000626C       FileTimeToLocalFileTime
 0001:00006274       FileTimeToSystemTime
 0001:000088A4       FileWrite
 0001:00000DD8       FillAfterGap
 0001:0003D814       FillAttachedList
 0001:00000D84       FillBeforeGap
 0001:000A4164       FillDWord
 0001:00000E70       FillerSizeAfterGap
 0001:00000E00       FillerSizeBeforeGap
 0001:00006A64       FillRect
 0002:00002BD4       FillStyles
 0001:000857D4       Finalization
 0001:000DBB2C       Finalization
 0001:00064BAC       Finalization
 0001:00064BE4       Finalization
 0001:00064C1C       Finalization
 0001:00036FC4       Finalization
 0001:00064C54       Finalization
 0001:00064C8C       Finalization
 0001:00026D4C       Finalization
 0001:00026DD8       Finalization
 0001:00007424       Finalization
 0001:00064CDC       Finalization
 0001:0005F0F8       Finalization
 0001:0006741C       Finalization
 0001:00067470       Finalization
 0001:000D77C8       Finalization
 0001:000CEA58       Finalization
 0001:000C741C       Finalization
 0001:000C6ED8       Finalization
 0001:000C6800       Finalization
 0001:000C6698       Finalization
 0001:0005BC4C       Finalization
 0001:0000614C       Finalization
 0001:000060D4       Finalization
 0001:000070F4       Finalization
 0001:0005BE2C       Finalization
 0001:00026E78       Finalization
 0001:00005F04       Finalization
 0001:000B1038       Finalization
 0001:00052300       Finalization
 0001:00051D98       Finalization
 0001:00035CA8       Finalization
 0001:0005EDD4       Finalization
 0001:0005C0E4       Finalization
 0001:000B0114       Finalization
 0001:000B009C       Finalization
 0001:00069914       Finalization
 0001:00023D00       Finalization
 0001:0007F328       Finalization
 0001:000DF830       Finalization
 0001:000DF898       Finalization
 0001:000DF9B8       Finalization
 0001:0006A028       Finalization
 0001:0006A0BC       Finalization
 0001:0000EB7C       Finalization
 0001:0000ED7C       Finalization
 0001:00015954       Finalization
 0001:0006A224       Finalization
 0001:0006AE48       Finalization
 0001:0007D98C       Finalization
 0001:00015640       Finalization
 0001:000AB454       Finalization
 0001:000282A4       Finalization
 0001:0007BF18       Finalization
 0001:000283B4       Finalization
 0001:00022870       Finalization
 0001:00032AFC       Finalization
 0001:000AA338       Finalization
 0001:000AA0C0       Finalization
 0001:00022764       Finalization
 0001:000AA050       Finalization
 0001:000298E0       Finalization
 0001:0005C27C       Finalization
 0001:0005DB1C       Finalization
 0001:00013D1C       Finalization
 0001:0001397C       Finalization
 0001:00032520       Finalization
 0001:000EFA00       Finalization
 0001:000EFC70       Finalization
 0001:000F0018       Finalization
 0001:000F02F8       Finalization
 0001:0005C9FC       Finalization
 0001:000F6A24       Finalization
 0001:000F7624       Finalization
 0001:000F765C       Finalization
 0001:000FA7FC       Finalization
 0001:0005CA3C       Finalization
 0001:000FB46C       Finalization
 0001:000FB4C4       Finalization
 0001:0002EB0C       Finalization
 0001:0005DAA0       Finalization
 0001:000A2108       Finalization
 0001:000923BC       Finalization
 0001:000FCC10       Finalization
 0001:000FCCB4       Finalization
 0001:000A0004       Finalization
 0001:0009245C       Finalization
 0001:00100098       Finalization
 0001:00092F28       Finalization
 0001:00100128       Finalization
 0001:00100160       Finalization
 0001:00100198       Finalization
 0001:00100230       Finalization
 0001:0009F570       Finalization
 0001:00100268       Finalization
 0001:00100EE0       Finalization
 0001:0000EE24       Finalization
 0001:0002F834       Finalization
 0001:00092F60       Finalization
[...]
 0002:00005844       OutOfMemory
 0002:00005848       InvalidPointer
 0002:0000584C       FLanguages
 0002:00005850       .1
 0002:00005854       .1
 0002:00005858       EmptyParam
 0002:00005868       VarDispProc
 0002:0000586C       ClearAnyProc
 0002:00005870       ChangeAnyProc
 0002:00005874       RefAnyProc
 0002:00005878       .3
 0002:0000587C       GVariantManager
 0002:00005928       GOldVariantManager
 0002:000059D4       LVarTypes
 0002:000059D8       LVarTypeSync
 0002:000059DC       .1
 0002:000059E0       .6
 0002:000059E4       .3
 0002:000059E8       GlobalNameSpace
 0002:000059EC       IsUniqueGlobalComponentNameProc
 0002:000059F0       .35
 0002:000059F4       IntConstList
 0002:000059F8       RegGroups
 0002:000059FC       FindGlobalComponentProcs
 0002:00005A00       GlobalFixupList
 0002:00005A04       ProcPosted
 0002:00005A08       ThreadLock
 0002:00005A20       ThreadCount
 0002:00005A24       InstBlockList
 0002:00005A28       InstFreeList
 0002:00005A2C       .1
 0002:00005A30       .4
 0002:00005A34       LastEurekaVersion
 0002:00005A38       .2
 0002:00005A3C       InternalIntoIDE
 0002:00005A40       .1
 0002:00005A44       .1
 0002:00005A48       .1
 0002:00005A4C       HookedProcedures
 0002:00005A50       DllList
 0002:00005A54       HookedMethodsList
 0002:00005A58       .1
 0002:00005A5C       .4
 0002:00005A60       .2
 0002:00005A64       .1
 0002:00005A68       CV
 0002:00005A70       KeyData
 0002:00005A80       .1
 0002:00005A84       .3
 0002:00005A88       crc_table
 0002:00005E88       .1
 0002:00005E8C       NetLib
 0002:00005E90       InternetOpen
 0002:00005E94       InternetConnect
 0002:00005E98       HttpOpenRequest
 0002:00005E9C       HttpAddRequestHeaders
 0002:00005EA0       HttpSendRequest
 0002:00005EA4       HttpSendRequestEx
 0002:00005EA8       InternetWriteFile
 0002:00005EAC       HttpEndRequest
 0002:00005EB0       HttpQueryInfo
 0002:00005EB4       InternetCloseHandle
 0002:00005EB8       InternetSetOption
 0002:00005EBC       FtpOpenFile
 0002:00005EC0       InternetGetLastResponseInfo
 0002:00005EC4       InternetOpenUrl
 0002:00005EC8       InternetReadFile
 0002:00005ECC       InternetGetConnectedState
 0002:00005ED0       .3
 0002:00005ED4       .3
 0002:00005ED8       .2
 0002:00005EDC       ExceptionNotify
 0002:00005EE0       ExceptionActionNotify
 0002:00005EE4       ExceptionErrorNotify
 0002:00005EE8       PasswordRequest
 0002:00005EEC       CustomDataRequest
 0002:00005EF0       AttachedFilesRequest
 0002:00005EF4       CustomFieldsRequest
 0002:00005EF8       .8
 0002:00005EFC       Kernel_RaiseException
 0002:00005F00       Kernel_RtlUnwind
 0002:00005F04       Kernel_CreateThread
 0002:00005F08       Kernel_ResumeThread
 0002:00005F0C       Kernel_ExitThread
 0002:00005F10       Kernel_WriteFile
 0002:00005F14       ISAPI_HttpExtensionProc
 0002:00005F18       ISAPI_WriteClientProc
 0002:00005F1C       ISAPI_Proc
 0002:00005F20       ServerECB
 0002:00005F24       ExceptionCriticalSection
 0002:00005F3C       OldExceptProc
 0002:00005F40       ThreadsList
 0002:00005F44       StartingDate
 0002:00005F4C       OldExceptObjProc
 0002:00005F50       CurrentOptions
 0002:00005F54       CGIOutputFile
 0002:00005F58       LanguageStr
 0002:00005F5C       ExceptionNumber
 0002:00005F60       HandleAnyExceptionAddr_Variable
 0002:00005F64       HandleOnExceptionAddr_Variable
 0002:00005F68       HandleAutoExceptionAddr_Variable
 0002:00005F6C       TerminateApplication
 0002:00005F70       LastInitializationPtr
 0002:00005F74       LastFinalizationPtr
 0002:00005F78       IntraWeb_CreateServer
 0002:00005F7C       IntraWeb_OnException_Old
 0002:00005F80       IntraWeb_OnException_New
 0002:00005F84       Indy_OnException
 0002:00005F8C       IntraWeb_ShowMessage
 0002:00005F90       IntraWeb_SendResponse
 0002:00005F94       VCLHandleException
 0002:00005F98       VCLShowException
 0002:00005F9C       NTService_LogMessage
 0002:00005FA0       IndyThread_HandleException
 0002:00005FA4       CGIHandleException
 0002:00005FA8       ISAPIHandleException
 0002:00005FAC       CLXHandleException
 0002:00005FB0       CLXShowException
 0002:00005FB4       LastHTMLPage
 0002:00005FB8       LastInitPointer
 0002:00005FBC       IntoInitialization
 0002:00005FBD       IntoFinalization
 0002:00005FC0       OriginalThreadProc
 0002:00005FC4       IntraWebApplication
 0002:00005FC8       IntraWebServerController
 0002:00005FCC       IntraWeb_Version
 0002:00005FD0       IntraWeb_NewEvent
 0002:00005FD4       CurrentGeneralErrorText
 0002:00005FD8       CurrentCPUErrorText
 0002:00005FDC       OnlySafeCallExceptions
 0002:00005FDD       CanHookLibraries
 0002:00005FE0       FreezeThread
 0002:00005FE4       MainThreadHandle
 0002:00005FE8       MainThreadTopOfStack
 0002:00005FEC       LastExceptAddr
 0002:00005FF0       RaisedExceptAddr
 0002:00005FF4       LastExceptThreadID
 0002:00005FF8       LastExceptObject
 0002:00005FFC       LastDelphiException
 0002:00006000       LastExceptMessage
 0002:00006004       CustomExceptMessage
 0002:00006008       LastExceptionRecord
 0002:0000600C       LastExceptionLog
 0002:00006010       LastLog
 0002:00006014       CanSendEmail_Show
 0002:00006015       CanAttachScreenshot_Show
 0002:00006016       CanCopy_Show
 0002:00006017       CanSupport_Show
 0002:00006018       CanSendMessage
 0002:00006019       CanAttachScreenshot
 0002:0000601A       CanCopy
 0002:0000601B       DuplicatedException
 0002:0000601C       StartDir
 0002:00006020       SynchronizeExcept
 0002:00006024       SynchronizeRaise
 0002:00006028       ThreadWrapperAddr
 0002:0000602C       InternalErrorCode
 0002:00006030       InternalErrorMsg
 0002:00006034       EurekaLogList
 0002:00006038       CurrentRequestValue
 0002:0000603C       ThreadsCriticalSection
 0002:00006054       InactiveThreads
 0002:00006058       ActivateEurekaLog
 0002:00006059       NotLoadDebugInfo
 0002:0000605C       ModuleInfoHandle
 0002:00006060       ModuleInfoData
 0002:00006064       AutoCloseTimer
 0002:00006068       CurrentDialog
 0002:0000606C       UseTopMost
 0002:00006070       ExceptionsTime
 0002:00006074       ExceptionTime
 0002:0000607C       DbgSection
 0002:00006080       CurrentProcessWindowsList
 0002:00006084       IndyHooked
 0002:00006085       Global_Execute
 0002:00006086       Global_Handled
 0002:00006087       Global_Retry
 0002:00006088       Global_ExceptionRecord
 0002:000060A4       Global_CurrentEvent
 0002:000060A8       Global_Password
 0002:000060AC       Global_LastInitPassword
 0002:000060B0       Global_CustomData
 0002:000060B4       Global_HModule
 0002:000060B8       Global_AttachedFiles
 0002:000060BC       Global_FieldsName
 0002:000060C0       Global_FieldsValue
 0002:000060C4       Global_IntraWebText
 0002:000060C8       Global_WebTextID
 0002:000060CC       Cached_LogFile
 0002:000060D0       ExceptionModuleText
 0002:000060D4       ExceptionAddressText
 0002:000060D8       ExceptionTypeText
 0002:000060DC       ExceptionMsgText
 0002:000060E0       fDlgBack
 0002:000060E4       fMemoBack
 0002:000060E8       fActive
 0002:000060EC       fCaptionFont
 0002:000060F0       fVariableFont
 0002:000060F4       fFixedFont1
 0002:000060F8       fFixedFont2
 0002:000060FC       fLinkFont
 0002:00006100       FixedFontSize
 0002:00006104       CaptionFontName
 0002:00006108       FixedFontName1
 0002:0000610C       FixedFontName2
 0002:00006110       NonClientMetrics
 0002:00006264       fMonitor
 0002:00006268       fMonitorInfo
 0002:00006280       fListViewItems
 0002:00006284       rSupport
 0002:00006294       SupportLinkActive
 0002:00006298       OriginalWidth
 0002:0000629C       OriginalHeight
 0002:000062A0       RealLeft
 0002:000062A4       RealTop
 0002:000062A8       RealWidth
 0002:000062AC       RealHeight
 0002:000062B0       ListWidth
 0002:000062B4       ListHeight
 0002:000062B8       TextWidth
 0002:000062BC       LeftButton
 0002:000062C0       TopButton
 0002:000062C4       WindowState
 0002:000062C8       ColWidths
 0002:00006308       DetailsActive
 0002:0000630C       MainDialog
 0002:00006310       IsDialogShowed
 0002:00006314       DialogHeight
 0002:00006318       CAPTION_HEIGHT
 0002:0000631C       GlobalSendValues
 0002:00006334       SavedLastHTMLPage
 0002:00006338       PNG_ColoursCount
 0002:0000633C       PNG_RowBytes
 0002:00006340       PNG_DataSize
 0002:00006344       PNG_ImgData
 0002:00006348       PNG_Data
 0002:0000634C       PNG_HeaderData
 0002:0000635C       PNG_Encode_Filter
 0002:00006360       PNG_Encode_Data
 0002:00006364       PNG_CRCList
 0002:00006764       PNG_pal
 0002:00006768       PNG_UsePal
 0002:0000676C       PNG_HWindow
 0002:00006770       PNG_FocusWnd
 0002:00006774       PNG_Cursor
 0002:00006778       PNG_DCScreen
 0002:0000677C       PNG_DCCompatible
 0002:00006780       PNG_Bitmap
 0002:00006784       PNG_Width
 0002:00006788       PNG_Height
 0002:0000678C       .1
 0002:00006790       SystemPalette16
 0002:00006794       .12
 0002:00006798       ScreenLogPixels
 0002:0000679C       StockPen
 0002:000067A0       StockBrush
 0002:000067A4       StockFont
 0002:000067A8       StockIcon
 0002:000067AC       BitmapImageLock
 0002:000067C4       CounterLock
 0002:000067DC       FontManager
 0002:000067E0       PenManager
 0002:000067E4       BrushManager
 0002:000067E8       CanvasList
 0002:000067EC       PatternManager
 0002:000067F0       .2
 0002:000067F4       .21
 0002:000067F8       .1
 0002:000067FC       ComCtl32DLL
 0002:00006800       _InitCommonControlsEx
 0002:00006804       GetSystemMetrics
 0002:00006808       MonitorFromWindow
 0002:0000680C       MonitorFromRect
 0002:00006810       MonitorFromPoint
 0002:00006814       GetMonitorInfo
 0002:00006818       GetMonitorInfoA
 0002:0000681C       GetMonitorInfoW
 0002:00006820       EnumDisplayMonitors
 0002:00006824       .1
 0002:00006828       User32Dll
 0002:0000682C       InitApis
 0002:00006834       MMAvailable
 0002:00006838       .1
 0002:0000683C       .2
 0002:00006840       HelpManager
 0002:00006844       .3
 0002:00006848       .3
 0002:0000684C       FlatSB_EnableScrollBar
 0002:00006850       FlatSB_ShowScrollBar
 0002:00006854       FlatSB_GetScrollRange
 0002:00006858       FlatSB_GetScrollInfo
 0002:0000685C       FlatSB_GetScrollPos
 0002:00006860       FlatSB_SetScrollPos
 0002:00006864       FlatSB_SetScrollInfo
 0002:00006868       FlatSB_SetScrollRange
 0002:0000686C       .1
 0002:00006870       _FlatSB_GetScrollProp
 0002:00006874       _FlatSB_SetScrollProp
 0002:00006878       _InitializeFlatSB
 0002:0000687C       _UninitializeFlatSB
 0002:00006880       .42
 0002:00006884       .1
 0002:00006888       .1
 0002:0000688C       .1
 0002:00006890       .1
 0002:00006894       .1
 0002:00006898       .12
 0002:0000689C       .1
 0002:000068A0       .01
 0002:000068A4       HelpMsg
 0002:000068A8       FindMsg
 0002:000068AC       ButtonWidths
 0002:000068D8       CF_PICTURE
 0002:000068DA       CF_COMPONENT
 0002:000068DC       .2
 0002:000068E0       FClipboard
 0002:000068E4       .1
 0002:000068E8       .63
 0002:000068EC       WinHelpTester
 0002:000068F0       ViewerName
 0002:000068F4       .1
 0002:000068F8       HelpViewer
 0002:000068FC       Mouse
 0002:00006900       NewStyleControls
 0002:00006904       .72
 0002:00006908       WindowAtom
 0002:0000690A       ControlAtom
 0002:0000690C       WindowAtomString
 0002:00006910       ControlAtomString
 0002:00006914       RM_GetObjectInstance
 0002:00006918       DragControl
 0002:0000691C       DragObject
 0002:00006920       DragInternalObject
 0002:00006924       DragCapture
 0002:00006928       DragStartPos
 0002:00006930       DragSaveCursor
 0002:00006934       DragThreshold
 0002:00006938       ActiveDrag
 0002:0000693C       DragImageList
 0002:00006940       DockSiteList
 0002:00006944       QualifyingSites
 0002:00006948       DragSave
 0002:0000694C       CanvasList
 0002:00006950       _WINNLSEnableIME
 0002:00006954       _ImmGetContext
 0002:00006958       _ImmReleaseContext
 0002:0000695C       _ImmGetConversionStatus
 0002:00006960       _ImmSetConversionStatus
 0002:00006964       _ImmSetOpenStatus
 0002:00006968       _ImmSetCompositionWindow
 0002:0000696C       _ImmSetCompositionFont
 0002:00006970       _ImmGetCompositionString
 0002:00006974       _ImmIsIME
 0002:00006978       _ImmNotifyIME
 0002:0000697C       .8
 0002:00006980       .3
 0002:00006984       PopupList
 0002:00006988       ShortCutItems
 0002:0000698C       .9
 0002:00006990       CommandPool
 0002:00006994       Application
 0002:00006998       Screen
 0002:0000699C       .41
 0002:000069A0       RM_TaskbarCreated
 0002:000069A4       HintThreadID
 0002:000069A8       HintDoneEvent
 0002:000069AC       HintHook
 0002:000069B0       HintThread
 0002:000069B4       .1
 0002:000069B8       .4
 0002:000069BC       .1
 0002:000069C0       .4
 0002:000069C4       BitBtnGlyphs
 0002:000069F0       .3
 0002:000069F4       .8
 0002:000069F8       .5
 0002:000069FC       .1
 0002:00006A00       .72
 0002:00006A04       .8
 0002:00006A08       .36
 0002:00006A0C       ShellModule
 0002:00006A10       FRichEditModule
 0002:00006A14       ComCtlVersion
 0002:00006A18       ToolMenuHook
 0002:00006A1C       MenuToolBar
 0002:00006A20       MenuToolBar2
 0002:00006A24       MenuButtonIndex
 0002:00006A28       LastMenuItem
 0002:00006A2C       LastMousePos
 0002:00006A34       StillModal
 0002:00006A38       ToolMenuKeyHook
 0002:00006A3C       .2
 0002:00006A40       .5
 0002:00006A44       .11
 0002:00006A48       .1
 0002:00006A4C       .1
 0002:00006A50       .1
 0002:00006A54       .3
 0002:00006A58       .1
 0002:00006A5C       .41
 0002:00006A60       OleUninitializing
 0002:00006A64       ComClassManagerVar
 0002:00006A68       SaveInitProc
 0002:00006A6C       NeedToUninitialize
 0002:00006A70       LoginDialogProc
 0002:00006A74       LoginDialogExProc
 0002:00006A78       RemoteLoginDialogProc
 0002:00006A7C       ScreenCursorProc
 0002:00006A80       PasswordDialog
 0002:00006A84       DBScreen
 0002:00006A88       DBApplication
 0002:00006A8C       .36
 0002:00006A90       .1
 0002:00006A94       .2
 0002:00006A98       .2
 0002:00006A9C       .22
 0002:00006AA0       .9
 0002:00006AA4       DrawBitmap
 0002:00006AA8       UserCount
 0002:00006AAC       .3
 0002:00006AB0       .1
 0002:00006AB4       ..
 0002:00006ACC       .1
 0002:00006AD0       .1
 0002:00006AD4       Session
 0002:00006AD8       Sessions
 0002:00006ADC       GetObjectContextProc
 0002:00006AE0       .22
 0002:00006AE4       FCSect
 0002:00006AFC       CSNativeToAnsi
 0002:00006B14       CSAnsiToNative
 0002:00006B2C       BDEInitProcs
 0002:00006B30       SaveInitProc
 0002:00006B34       NeedToUninitialize
 0002:00006B38       dmLib
 0002:00006B3C       .2
 0002:00006B40       .1
 0002:00006B44       .2
 0002:00006B48       QRFunctionLibrary
 0002:00006B4C       .51
 0002:00006B50       ArgSeparator
 0002:00006B54       FGlobalEnvironment
 0002:00006B58       UnpreparingGlobalEnvironment
 0002:00006B5C       .3
 0002:00006B60       .3
 0002:00006B64       .71
 0002:00006B68       .5
 0002:00006B6C       HelpMsg
 0002:00006B70       FindMsg
 0002:00006B74       HookCtl3D
 0002:00006B78       .1
 0002:00006B7C       .02
 0002:00006B80       xParkingWindow
 0002:00006B84       OlePro32DLL
 0002:00006B88       _OleCreatePropertyFrame
 0002:00006B8C       _OleCreateFontIndirect
 0002:00006B90       _OleCreatePictureIndirect
 0002:00006B94       _OleLoadPicture
 0002:00006B98       .1
 0002:00006B9C       EmptyParam
 0002:00006BAC       .5
 0002:00006BB0       .2
 0002:00006BB4       .2
 0002:00006BB8       .5
 0002:00006BBC       .2
 0002:00006BC0       .2
 0002:00006BC4       .2
 0002:00006BC8       QRExportFilterLibrary
 0002:00006BCC       .51
 0002:00006BD0       FQRPrinter
 0002:00006BD4       GlobalPreviewInterface
 0002:00006BD8       .33
 0002:00006BDC       cqrRulerMinorStyle
 0002:00006BDD       cqrRulerMajorStyle
 0002:00006BE0       cqrRulerMinorColor
 0002:00006BE4       cqrRulerMajorColor
 0002:00006BE8       cqrRulerFontName
 0002:00006C08       cqrRulerFontColor
 0002:00006C0C       cqrRulerFontSize
 0002:00006C10       cqrMarginStyle
 0002:00006C14       cqrMarginColor
 0002:00006C18       cqrBandFrameStyle
 0002:00006C1C       cqrBandFrameColor
 0002:00006C20       LocalMeasureInches
 0002:00006C24       rpRequest
 0002:00006C28       .2
 0002:00006C2C       .2
 0002:00006C30       .2
 0002:00006C34       .2
 0002:00006C38       fmMain
 0002:00006C3C       .2


Line numbers for dmLibU(Source\dmLibU.pas) segment .text

    36 0001:000EFC64    37 0001:000EFC6C    39 0001:000EFCA0    39 0001:000EFCA7

Line numbers for Request(Source\Request.pas) segment .text

    49 0001:00110570    49 0001:00110577

Line numbers for Find(Source\Find.pas) segment .text

    45 0001:0011079C    47 0001:001107BB    48 0001:001107C5    49 0001:001107EC
    50 0001:00110813    53 0001:0011081D    55 0001:00110834    56 0001:0011083E
    59 0001:00110840    60 0001:00110858    62 0001:00110867    63 0001:00110896
    68 0001:001108E8    69 0001:001108EF    74 0001:001108F0    75 0001:001108F4
    77 0001:00110908    80 0001:0011091A    81 0001:00110929    85 0001:00110938
    86 0001:00110947    87 0001:00110956    91 0001:00110958    92 0001:0011095B
    93 0001:0011096F    94 0001:00110972    96 0001:001109A4    96 0001:001109AB

Line numbers for Edit(Source\Edit.pas) segment .text

    55 0001:00110C58    56 0001:00110C76    57 0001:00110C8B    58 0001:00110C9E
    60 0001:00110CAC    62 0001:00110CBA    64 0001:00110CD2    66 0001:00110CE0
    67 0001:00110CE9    69 0001:00110CF3    70 0001:00110CFA    72 0001:00110D05
    75 0001:00110D15    76 0001:00110D2A    78 0001:00110D31    79 0001:00110D38
    82 0001:00110D3F    83 0001:00110D4E    85 0001:00110D6C    88 0001:00110D7B
    90 0001:00110D8D    91 0001:00110DBF    95 0001:00110E28    96 0001:00110E2B
    97 0001:00110E3F    98 0001:00110E42   100 0001:00110E74   100 0001:00110E7B

Line numbers for About(Source\About.pas) segment .text

    33 0001:0011105C    34 0001:0011105F    36 0001:00111090    36 0001:00111097

Line numbers for Main(Source\Main.pas) segment .text

    55 0001:00111334    57 0001:00111337    59 0001:00111343    60 0001:0011134A
    61 0001:00111358    62 0001:0011135D    68 0001:00111360    70 0001:00111363
    72 0001:0011136F    73 0001:00111376    74 0001:00111384    75 0001:00111389
    82 0001:0011138C    83 0001:0011139A    84 0001:001113A2    89 0001:001113A4
    90 0001:001113A7    92 0001:001113D8    92 0001:001113DF

Line numbers for Lib(D:\Сергей\Программирование\Программы\Delphi\Library 2007-03-27\Lib.dpr) segment .text

    15 0001:001117B0    16 0001:001117C0    17 0001:001117CC    18 0001:001117DD
    19 0001:001117F5    20 0001:0011180D    21 0001:00111819

Bound resource files

c:\program files\borland\delphi6\Lib2\DIALOG.RES
c:\program files\borland\delphi6\Lib\CONTROLS.RES
c:\program files\borland\delphi6\Lib\BUTTONS.RES
c:\program files\borland\delphi6\Lib\EXTDLGS.RES
c:\program files\borland\delphi6\Lib\DBLogDlg.dfm
c:\program files\borland\delphi6\Lib\DBPWDlg.dfm
c:\program files\borland\delphi6\Lib\DBCTRLS.RES
c:\program files\borland\delphi6\Lib\DBGRIDS.RES
dmLibU.dfm
c:\program files\borland\delphi6\Lib\QRPrgres.DFM
c:\program files\borland\delphi6\Lib\QRLablEd.DFM
c:\program files\borland\delphi6\Lib\QRExprEd.DFM
c:\program files\borland\delphi6\Lib\QRAbout.DFM
c:\program files\borland\delphi6\Lib\QRCompEd.DFM
c:\program files\borland\delphi6\Lib\QREnvEd.DFM
c:\program files\borland\delphi6\Lib\QRExpBld.DFM
c:\program files\borland\delphi6\Lib\QRPrev.DFM
c:\program files\borland\delphi6\Lib\QUICKRPT.RES
Request.dfm
Find.dfm
Edit.dfm
c:\program files\borland\delphi6\Lib2\About.dfm
Main.dfm
Lib.res
Lib.drf


Program entry point at 0001:001117B0
